 Boot Info Script 71f6c5c + Boot-Repair extra info      [Boot-Info 16mar2020]


============================= Boot Info Summary: ===============================

 => No boot loader is installed in the MBR of /dev/sda.
 => Grub2 (v2.00) is installed in the MBR of /dev/sdb and looks at sector 1 of 
    the same hard drive for core.img. core.img is at this location and looks 
    for /boot/grub. It also embeds following components:
    
    modules
    ---------------------------------------------------------------------------
    fshelp ext2 part_msdos biosdisk search_fs_uuid
    ---------------------------------------------------------------------------
    
    config script
    ---------------------------------------------------------------------------
    search.fs_uuid e5c33277-cc0e-4009-8458-06b585d67b2e root hd0,msdos5 
    set prefix=($root)'/boot/grub'
    
    ---------------------------------------------------------------------------
 => Syslinux MBR (5.00 and higher) is installed in the MBR of /dev/sdc.
 => Grub2 (v2.00) is installed in the MBR of /dev/sdd and looks at sector 1 of 
    the same hard drive for core.img. core.img is at this location and looks 
    for /boot/grub. It also embeds following components:
    
    modules
    ---------------------------------------------------------------------------
    fshelp ext2 part_msdos biosdisk search_fs_uuid
    ---------------------------------------------------------------------------
    
    config script
    ---------------------------------------------------------------------------
    search.fs_uuid e5c33277-cc0e-4009-8458-06b585d67b2e root hd0,msdos5 
    set prefix=($root)'/boot/grub'
    
    ---------------------------------------------------------------------------
 => Grub2 (v2.00) is installed in the MBR of /dev/sde and looks at sector 1 of 
    the same hard drive for core.img. core.img is at this location and looks 
    for /boot/grub. It also embeds following components:
    
    modules
    ---------------------------------------------------------------------------
    fshelp ext2 part_msdos biosdisk search_fs_uuid
    ---------------------------------------------------------------------------
    
    config script
    ---------------------------------------------------------------------------
    search.fs_uuid e5c33277-cc0e-4009-8458-06b585d67b2e root hd0,msdos5 
    set prefix=($root)'/boot/grub'
    
    ---------------------------------------------------------------------------

sda1: __________________________________________________________________________

    File system:       swap
    Boot sector type:  -
    Boot sector info: 

sda2: __________________________________________________________________________

    File system:       ext4
    Boot sector type:  -
    Boot sector info: 
    Operating System:  Linux Mint 20.1
    Boot files:        /boot/grub/grub.cfg /etc/fstab 
                       /boot/grub/i386-pc/core.img

sdb1: __________________________________________________________________________

    File system:       ntfs
    Boot sector type:  Windows 8/2012: NTFS
    Boot sector info:  No errors found in the Boot Parameter Block.
    Operating System:  
    Boot files:        

sdb2: __________________________________________________________________________

    File system:       
    Boot sector type:  Unknown
    Boot sector info: 

sdc1: __________________________________________________________________________

    File system:       vfat
    Boot sector type:  SYSLINUX 6.04
    Boot sector info:  Syslinux looks at sector 29914 of /dev/sdc1 for its 
                       second stage. The integrity check of Syslinux failed. 
                       No errors found in the Boot Parameter Block.
    Operating System:  
    Boot files:        /boot/grub/grub.cfg /syslinux.cfg 
                       /efi/BOOT/grubx64.efi /efi/BOOT/mmx64.efi /ldlinux.sys

sdd1: __________________________________________________________________________

    File system:       ntfs
    Boot sector type:  Windows 7/2008: NTFS
    Boot sector info:  No errors found in the Boot Parameter Block.
    Operating System:  
    Boot files:        

sdd2: __________________________________________________________________________

    File system:       ntfs
    Boot sector type:  Windows 7/2008: NTFS
    Boot sector info:  No errors found in the Boot Parameter Block.
    Operating System:  
    Boot files:        

sde1: __________________________________________________________________________

    File system:       ntfs
    Boot sector type:  Windows 8/2012: NTFS
    Boot sector info:  No errors found in the Boot Parameter Block.
    Operating System:  
    Boot files:        

sde2: __________________________________________________________________________

    File system:       ntfs
    Boot sector type:  Windows 8/2012: NTFS
    Boot sector info:  No errors found in the Boot Parameter Block.
    Operating System:  
    Boot files:        

============================ Drive/Partition Info: =============================

Drive: sda _____________________________________________________________________
Disk /dev/sda: 447.13 GiB, 480103981056 bytes, 937703088 sectors
Disk model: SanDisk SDSSDA48
Units: sectors of 1 * 512 = 512 bytes
Sector size (logical/physical): 512 bytes / 512 bytes
I/O size (minimum/optimal): 512 bytes / 512 bytes

Partition  Boot  Start Sector    End Sector  # of Sectors  Id System

/dev/sda1                   1   937,703,087   937,703,087  ee GPT


GUID Partition Table detected.

Partition  Attrs   Start Sector    End Sector  # of Sectors System
/dev/sda1           905,578,496   937,701,375    32,122,880 Swap partition (Linux)
/dev/sda2                 2,048   905,578,495   905,576,448 Data partition (Linux)

Attributes: R=Required, N=No Block IO, B=Legacy BIOS Bootable, +=More bits set

Drive: sdb _____________________________________________________________________
Disk /dev/sdb: 232.91 GiB, 250059350016 bytes, 488397168 sectors
Disk model: Samsung SSD 860 
Units: sectors of 1 * 512 = 512 bytes
Sector size (logical/physical): 512 bytes / 512 bytes
I/O size (minimum/optimal): 512 bytes / 512 bytes

Partition  Boot  Start Sector    End Sector  # of Sectors  Id System

/dev/sdb1               2,048   383,533,055   383,531,008   7 NTFS / exFAT / HPFS
/dev/sdb2         383,535,104   488,392,703   104,857,600  7e Unknown


Drive: sdc _____________________________________________________________________
Disk /dev/sdc: 58.13 GiB, 62411243520 bytes, 121896960 sectors
Disk model: Cruzer Glide 3.0
Units: sectors of 1 * 512 = 512 bytes
Sector size (logical/physical): 512 bytes / 512 bytes
I/O size (minimum/optimal): 512 bytes / 512 bytes

Partition  Boot  Start Sector    End Sector  # of Sectors  Id System

/dev/sdc1    *          2,048   121,896,959   121,894,912   c W95 FAT32 (LBA)


Drive: sdd _____________________________________________________________________
Disk /dev/sdd: 931.53 GiB, 1000204886016 bytes, 1953525168 sectors
Disk model: HGST HTS721010A9
Units: sectors of 1 * 512 = 512 bytes
Sector size (logical/physical): 512 bytes / 4096 bytes
I/O size (minimum/optimal): 4096 bytes / 4096 bytes

Partition  Boot  Start Sector    End Sector  # of Sectors  Id System

/dev/sdd1               2,048   817,154,047   817,152,000   7 NTFS / exFAT / HPFS
/dev/sdd2         817,154,048 1,953,519,615 1,136,365,568   7 NTFS / exFAT / HPFS


Drive: sde _____________________________________________________________________
Disk /dev/sde: 1.84 TiB, 2000398934016 bytes, 3907029168 sectors
Disk model: TOSHIBA HDWD120 
Units: sectors of 1 * 512 = 512 bytes
Sector size (logical/physical): 512 bytes / 4096 bytes
I/O size (minimum/optimal): 4096 bytes / 4096 bytes

Partition  Boot  Start Sector    End Sector  # of Sectors  Id System

/dev/sde1               2,048 2,858,448,895 2,858,446,848   7 NTFS / exFAT / HPFS
/dev/sde2       2,858,448,896 3,907,024,895 1,048,576,000   7 NTFS / exFAT / HPFS



"blkid" output: ________________________________________________________________

Device           UUID                                   TYPE       LABEL

/dev/loop0                                              squashfs   
/dev/nvme0n1p1   293727CAA7D3F8B3                       ntfs       1T_SSD
/dev/nvme0n1p2   2458FF0758FED690                       ntfs       
/dev/sda1        b6a9230c-78d6-4d4e-a3e0-1ef853a8b4bd   swap       
/dev/sda2        feb52cdc-b5bd-4ec2-9fd0-93974b302343   ext4       
/dev/sdb1        368C6D7A8C6D3591                       ntfs       Games SSD
/dev/sdb2                                                          
/dev/sdc1        07F6-0B18                              vfat       LINUX MINT
/dev/sdd1        C486D8ED86D8E14A                       ntfs       390G
/dev/sdd2        5CAA0068AA0040CE                       ntfs       550G
/dev/sde1        76D0F456D0F41E55                       ntfs       HDD2T
/dev/sde2        7610191B1018E441                       ntfs       Games

========================= "ls -l /dev/disk/by-id" output: ======================

total 0
lrwxrwxrwx 1 root root  9 May 20 10:49 ata-HGST_HTS721010A9E630_JR10006PGVYH8F -> ../../sdd
lrwxrwxrwx 1 root root 10 May 20 10:49 ata-HGST_HTS721010A9E630_JR10006PGVYH8F-part1 -> ../../sdd1
lrwxrwxrwx 1 root root 10 May 20 10:49 ata-HGST_HTS721010A9E630_JR10006PGVYH8F-part2 -> ../../sdd2
lrwxrwxrwx 1 root root  9 May 20 10:49 ata-Samsung_SSD_860_EVO_250GB_S3YLNX0K643863Y -> ../../sdb
lrwxrwxrwx 1 root root 10 May 20 10:49 ata-Samsung_SSD_860_EVO_250GB_S3YLNX0K643863Y-part1 -> ../../sdb1
lrwxrwxrwx 1 root root 10 May 20 10:49 ata-Samsung_SSD_860_EVO_250GB_S3YLNX0K643863Y-part2 -> ../../sdb2
lrwxrwxrwx 1 root root  9 May 20 10:49 ata-SanDisk_SDSSDA480G_161575475204 -> ../../sda
lrwxrwxrwx 1 root root 10 May 20 10:49 ata-SanDisk_SDSSDA480G_161575475204-part1 -> ../../sda1
lrwxrwxrwx 1 root root 10 May 20 10:49 ata-SanDisk_SDSSDA480G_161575475204-part2 -> ../../sda2
lrwxrwxrwx 1 root root  9 May 20 10:49 ata-TOSHIBA_HDWD120_48SNJWSAS -> ../../sde
lrwxrwxrwx 1 root root 10 May 20 10:49 ata-TOSHIBA_HDWD120_48SNJWSAS-part1 -> ../../sde1
lrwxrwxrwx 1 root root 10 May 20 10:49 ata-TOSHIBA_HDWD120_48SNJWSAS-part2 -> ../../sde2
lrwxrwxrwx 1 root root 13 May 20 10:49 nvme-PLEXTOR_PX-1TM9PGN_+_P02005500028 -> ../../nvme0n1
lrwxrwxrwx 1 root root 15 May 20 10:49 nvme-PLEXTOR_PX-1TM9PGN_+_P02005500028-part1 -> ../../nvme0n1p1
lrwxrwxrwx 1 root root 15 May 20 10:49 nvme-PLEXTOR_PX-1TM9PGN_+_P02005500028-part2 -> ../../nvme0n1p2
lrwxrwxrwx 1 root root 13 May 20 10:49 nvme-eui.002303563033b917 -> ../../nvme0n1
lrwxrwxrwx 1 root root 15 May 20 10:49 nvme-eui.002303563033b917-part1 -> ../../nvme0n1p1
lrwxrwxrwx 1 root root 15 May 20 10:49 nvme-eui.002303563033b917-part2 -> ../../nvme0n1p2
lrwxrwxrwx 1 root root  9 May 20 10:49 usb-SanDisk_Cruzer_Glide_3.0_4C530001231216104254-0:0 -> ../../sdc
lrwxrwxrwx 1 root root 10 May 20 10:49 usb-SanDisk_Cruzer_Glide_3.0_4C530001231216104254-0:0-part1 -> ../../sdc1
lrwxrwxrwx 1 root root  9 May 20 10:49 wwn-0x5000039fd4d76e59 -> ../../sde
lrwxrwxrwx 1 root root 10 May 20 10:49 wwn-0x5000039fd4d76e59-part1 -> ../../sde1
lrwxrwxrwx 1 root root 10 May 20 10:49 wwn-0x5000039fd4d76e59-part2 -> ../../sde2
lrwxrwxrwx 1 root root  9 May 20 10:49 wwn-0x5000cca6accc405c -> ../../sdd
lrwxrwxrwx 1 root root 10 May 20 10:49 wwn-0x5000cca6accc405c-part1 -> ../../sdd1
lrwxrwxrwx 1 root root 10 May 20 10:49 wwn-0x5000cca6accc405c-part2 -> ../../sdd2
lrwxrwxrwx 1 root root  9 May 20 10:49 wwn-0x5001b444a4570f6f -> ../../sda
lrwxrwxrwx 1 root root 10 May 20 10:49 wwn-0x5001b444a4570f6f-part1 -> ../../sda1
lrwxrwxrwx 1 root root 10 May 20 10:49 wwn-0x5001b444a4570f6f-part2 -> ../../sda2
lrwxrwxrwx 1 root root  9 May 20 10:49 wwn-0x5002538e404caf89 -> ../../sdb
lrwxrwxrwx 1 root root 10 May 20 10:49 wwn-0x5002538e404caf89-part1 -> ../../sdb1
lrwxrwxrwx 1 root root 10 May 20 10:49 wwn-0x5002538e404caf89-part2 -> ../../sdb2

================================ Mount points: =================================

Device           Mount_Point              Type       Options

/dev/loop0       /rofs                    squashfs   (ro,noatime)
/dev/sdc1        /cdrom                   vfat       (ro,noatime,fmask=0022,dmask=0022,codepage=437,iocharset=iso8859-1,shortname=mixed,errors=remount-ro)
/dev/sdd2        /media/mint/550G         fuseblk    (rw,nosuid,nodev,relatime,user_id=0,group_id=0,default_permissions,allow_other,blksize=4096,uhelper=udisks2)


=========================== sda2/boot/grub/grub.cfg: ===========================

--------------------------------------------------------------------------------
#
# DO NOT EDIT THIS FILE
#
# It is automatically generated by grub-mkconfig using templates
# from /etc/grub.d and settings from /etc/default/grub
#

### BEGIN /etc/grub.d/00_header ###
if [ -s $prefix/grubenv ]; then
  set have_grubenv=true
  load_env
fi
if [ "${initrdfail}" = 2 ]; then
   set initrdfail=
elif [ "${initrdfail}" = 1 ]; then
   set next_entry="${prev_entry}"
   set prev_entry=
   save_env prev_entry
   if [ "${next_entry}" ]; then
      set initrdfail=2
   fi
fi
if [ "${next_entry}" ] ; then
   set default="${next_entry}"
   set next_entry=
   save_env next_entry
   set boot_once=true
else
   set default="0"
fi

if [ x"${feature_menuentry_id}" = xy ]; then
  menuentry_id_option="--id"
else
  menuentry_id_option=""
fi

export menuentry_id_option

if [ "${prev_saved_entry}" ]; then
  set saved_entry="${prev_saved_entry}"
  save_env saved_entry
  set prev_saved_entry=
  save_env prev_saved_entry
  set boot_once=true
fi

function savedefault {
  if [ -z "${boot_once}" ]; then
    saved_entry="${chosen}"
    save_env saved_entry
  fi
}
function initrdfail {
    if [ -n "${have_grubenv}" ]; then if [ -n "${partuuid}" ]; then
      if [ -z "${initrdfail}" ]; then
        set initrdfail=1
        if [ -n "${boot_once}" ]; then
          set prev_entry="${default}"
          save_env prev_entry
        fi
      fi
      save_env initrdfail
    fi; fi
}
function recordfail {
  set recordfail=1
  if [ -n "${have_grubenv}" ]; then if [ -z "${boot_once}" ]; then save_env recordfail; fi; fi
}
function load_video {
  if [ x$feature_all_video_module = xy ]; then
    insmod all_video
  else
    insmod efi_gop
    insmod efi_uga
    insmod ieee1275_fb
    insmod vbe
    insmod vga
    insmod video_bochs
    insmod video_cirrus
  fi
}

if [ x$feature_default_font_path = xy ] ; then
   font=unicode
else
insmod part_gpt
insmod ext2
set root='hd0,gpt2'
if [ x$feature_platform_search_hint = xy ]; then
  search --no-floppy --fs-uuid --set=root --hint-bios=hd0,gpt2 --hint-efi=hd0,gpt2 --hint-baremetal=ahci0,gpt2  feb52cdc-b5bd-4ec2-9fd0-93974b302343
else
  search --no-floppy --fs-uuid --set=root feb52cdc-b5bd-4ec2-9fd0-93974b302343
fi
    font="/usr/share/grub/unicode.pf2"
fi

if loadfont $font ; then
  set gfxmode=1920x1080
  load_video
  insmod gfxterm
  set locale_dir=$prefix/locale
  set lang=en_US
  insmod gettext
fi
terminal_output gfxterm
if [ "${recordfail}" = 1 ] ; then
  set timeout=30
else
  if [ x$feature_timeout_style = xy ] ; then
    set timeout_style=hidden
    set timeout=4
  # Fallback hidden-timeout code in case the timeout_style feature is
  # unavailable.
  elif sleep --interruptible 4 ; then
    set timeout=0
  fi
fi
### END /etc/grub.d/00_header ###

### BEGIN /etc/grub.d/05_debian_theme ###
set menu_color_normal=white/black
set menu_color_highlight=black/light-gray
### END /etc/grub.d/05_debian_theme ###

### BEGIN /etc/grub.d/10_linux_proxy ###

function gfxmode {
	set gfxpayload="${1}"
	if [ "${1}" = "keep" ]; then
		set vt_handoff=vt.handoff=7
	else
		set vt_handoff=
	fi
}
if [ "${recordfail}" != 1 ]; then
  if [ -e ${prefix}/gfxblacklist.txt ]; then
    if hwmatch ${prefix}/gfxblacklist.txt 3; then
      if [ ${match} = 0 ]; then
        set linux_gfx_mode=keep
      else
        set linux_gfx_mode=text
      fi
    else
      set linux_gfx_mode=text
    fi
  else
    set linux_gfx_mode=keep
  fi
else
  set linux_gfx_mode=text
fi
export linux_gfx_mode



### END /etc/grub.d/10_linux_proxy ###

### BEGIN /etc/grub.d/30_os-prober_proxy ###
menuentry "Windows 10 (on /dev/nvme0n1p1)" --class windows --class os $menuentry_id_option 'osprober-chain-293727CAA7D3F8B3' {
	insmod part_msdos
	insmod ntfs
	if [ x$feature_platform_search_hint = xy ]; then
	  search --no-floppy --fs-uuid --set=root  293727CAA7D3F8B3
	else
	  search --no-floppy --fs-uuid --set=root 293727CAA7D3F8B3
	fi
	parttool ${root} hidden-
	drivemap -s (hd0) ${root}
	chainloader +1
}
### END /etc/grub.d/30_os-prober_proxy ###


### BEGIN /etc/grub.d/31_linux_proxy ###
menuentry "Ubuntu" --class ubuntu --class gnu-linux --class gnu --class os $menuentry_id_option 'gnulinux-simple-feb52cdc-b5bd-4ec2-9fd0-93974b302343' {
	recordfail
	load_video
	gfxmode $linux_gfx_mode
	insmod gzio
	if [ x$grub_platform = xxen ]; then insmod xzio; insmod lzopio; fi
	insmod part_gpt
	insmod ext2
	set root='hd0,gpt2'
	if [ x$feature_platform_search_hint = xy ]; then
	  search --no-floppy --fs-uuid --set=root --hint-bios=hd0,gpt2 --hint-efi=hd0,gpt2 --hint-baremetal=ahci0,gpt2  feb52cdc-b5bd-4ec2-9fd0-93974b302343
	else
	  search --no-floppy --fs-uuid --set=root feb52cdc-b5bd-4ec2-9fd0-93974b302343
	fi
	linux	/boot/vmlinuz-5.4.0-72-generic root=UUID=feb52cdc-b5bd-4ec2-9fd0-93974b302343 ro  quiet splash $vt_handoff
	initrd	/boot/initrd.img-5.4.0-72-generic
}
submenu "Advanced options for Ubuntu"{
menuentry "Ubuntu, with Linux 5.4.0-72-generic" --class ubuntu --class gnu-linux --class gnu --class os $menuentry_id_option 'gnulinux-5.4.0-72-generic-advanced-feb52cdc-b5bd-4ec2-9fd0-93974b302343' {
		recordfail
		load_video
		gfxmode $linux_gfx_mode
		insmod gzio
		if [ x$grub_platform = xxen ]; then insmod xzio; insmod lzopio; fi
		insmod part_gpt
		insmod ext2
		set root='hd0,gpt2'
		if [ x$feature_platform_search_hint = xy ]; then
		  search --no-floppy --fs-uuid --set=root --hint-bios=hd0,gpt2 --hint-efi=hd0,gpt2 --hint-baremetal=ahci0,gpt2  feb52cdc-b5bd-4ec2-9fd0-93974b302343
		else
		  search --no-floppy --fs-uuid --set=root feb52cdc-b5bd-4ec2-9fd0-93974b302343
		fi
		echo	'Loading Linux 5.4.0-72-generic ...'
		linux	/boot/vmlinuz-5.4.0-72-generic root=UUID=feb52cdc-b5bd-4ec2-9fd0-93974b302343 ro  quiet splash $vt_handoff
		echo	'Loading initial ramdisk ...'
		initrd	/boot/initrd.img-5.4.0-72-generic
}
menuentry "Ubuntu, with Linux 5.4.0-72-generic (recovery mode)" --class ubuntu --class gnu-linux --class gnu --class os $menuentry_id_option 'gnulinux-5.4.0-72-generic-recovery-feb52cdc-b5bd-4ec2-9fd0-93974b302343' {
		recordfail
		load_video
		insmod gzio
		if [ x$grub_platform = xxen ]; then insmod xzio; insmod lzopio; fi
		insmod part_gpt
		insmod ext2
		set root='hd0,gpt2'
		if [ x$feature_platform_search_hint = xy ]; then
		  search --no-floppy --fs-uuid --set=root --hint-bios=hd0,gpt2 --hint-efi=hd0,gpt2 --hint-baremetal=ahci0,gpt2  feb52cdc-b5bd-4ec2-9fd0-93974b302343
		else
		  search --no-floppy --fs-uuid --set=root feb52cdc-b5bd-4ec2-9fd0-93974b302343
		fi
		echo	'Loading Linux 5.4.0-72-generic ...'
		linux	/boot/vmlinuz-5.4.0-72-generic root=UUID=feb52cdc-b5bd-4ec2-9fd0-93974b302343 ro recovery nomodeset dis_ucode_ldr 
		echo	'Loading initial ramdisk ...'
		initrd	/boot/initrd.img-5.4.0-72-generic
}
menuentry "Ubuntu, with Linux 5.4.0-67-generic" --class ubuntu --class gnu-linux --class gnu --class os $menuentry_id_option 'gnulinux-5.4.0-67-generic-advanced-feb52cdc-b5bd-4ec2-9fd0-93974b302343' {
		recordfail
		load_video
		gfxmode $linux_gfx_mode
		insmod gzio
		if [ x$grub_platform = xxen ]; then insmod xzio; insmod lzopio; fi
		insmod part_gpt
		insmod ext2
		set root='hd0,gpt2'
		if [ x$feature_platform_search_hint = xy ]; then
		  search --no-floppy --fs-uuid --set=root --hint-bios=hd0,gpt2 --hint-efi=hd0,gpt2 --hint-baremetal=ahci0,gpt2  feb52cdc-b5bd-4ec2-9fd0-93974b302343
		else
		  search --no-floppy --fs-uuid --set=root feb52cdc-b5bd-4ec2-9fd0-93974b302343
		fi
		echo	'Loading Linux 5.4.0-67-generic ...'
		linux	/boot/vmlinuz-5.4.0-67-generic root=UUID=feb52cdc-b5bd-4ec2-9fd0-93974b302343 ro  quiet splash $vt_handoff
		echo	'Loading initial ramdisk ...'
		initrd	/boot/initrd.img-5.4.0-67-generic
}
menuentry "Ubuntu, with Linux 5.4.0-67-generic (recovery mode)" --class ubuntu --class gnu-linux --class gnu --class os $menuentry_id_option 'gnulinux-5.4.0-67-generic-recovery-feb52cdc-b5bd-4ec2-9fd0-93974b302343' {
		recordfail
		load_video
		insmod gzio
		if [ x$grub_platform = xxen ]; then insmod xzio; insmod lzopio; fi
		insmod part_gpt
		insmod ext2
		set root='hd0,gpt2'
		if [ x$feature_platform_search_hint = xy ]; then
		  search --no-floppy --fs-uuid --set=root --hint-bios=hd0,gpt2 --hint-efi=hd0,gpt2 --hint-baremetal=ahci0,gpt2  feb52cdc-b5bd-4ec2-9fd0-93974b302343
		else
		  search --no-floppy --fs-uuid --set=root feb52cdc-b5bd-4ec2-9fd0-93974b302343
		fi
		echo	'Loading Linux 5.4.0-67-generic ...'
		linux	/boot/vmlinuz-5.4.0-67-generic root=UUID=feb52cdc-b5bd-4ec2-9fd0-93974b302343 ro recovery nomodeset dis_ucode_ldr 
		echo	'Loading initial ramdisk ...'
		initrd	/boot/initrd.img-5.4.0-67-generic
}
menuentry "Ubuntu, with Linux 5.4.0-66-generic" --class ubuntu --class gnu-linux --class gnu --class os $menuentry_id_option 'gnulinux-5.4.0-66-generic-advanced-feb52cdc-b5bd-4ec2-9fd0-93974b302343' {
		recordfail
		load_video
		gfxmode $linux_gfx_mode
		insmod gzio
		if [ x$grub_platform = xxen ]; then insmod xzio; insmod lzopio; fi
		insmod part_gpt
		insmod ext2
		set root='hd0,gpt2'
		if [ x$feature_platform_search_hint = xy ]; then
		  search --no-floppy --fs-uuid --set=root --hint-bios=hd0,gpt2 --hint-efi=hd0,gpt2 --hint-baremetal=ahci0,gpt2  feb52cdc-b5bd-4ec2-9fd0-93974b302343
		else
		  search --no-floppy --fs-uuid --set=root feb52cdc-b5bd-4ec2-9fd0-93974b302343
		fi
		echo	'Loading Linux 5.4.0-66-generic ...'
		linux	/boot/vmlinuz-5.4.0-66-generic root=UUID=feb52cdc-b5bd-4ec2-9fd0-93974b302343 ro  quiet splash $vt_handoff
		echo	'Loading initial ramdisk ...'
		initrd	/boot/initrd.img-5.4.0-66-generic
}
menuentry "Ubuntu, with Linux 5.4.0-66-generic (recovery mode)" --class ubuntu --class gnu-linux --class gnu --class os $menuentry_id_option 'gnulinux-5.4.0-66-generic-recovery-feb52cdc-b5bd-4ec2-9fd0-93974b302343' {
		recordfail
		load_video
		insmod gzio
		if [ x$grub_platform = xxen ]; then insmod xzio; insmod lzopio; fi
		insmod part_gpt
		insmod ext2
		set root='hd0,gpt2'
		if [ x$feature_platform_search_hint = xy ]; then
		  search --no-floppy --fs-uuid --set=root --hint-bios=hd0,gpt2 --hint-efi=hd0,gpt2 --hint-baremetal=ahci0,gpt2  feb52cdc-b5bd-4ec2-9fd0-93974b302343
		else
		  search --no-floppy --fs-uuid --set=root feb52cdc-b5bd-4ec2-9fd0-93974b302343
		fi
		echo	'Loading Linux 5.4.0-66-generic ...'
		linux	/boot/vmlinuz-5.4.0-66-generic root=UUID=feb52cdc-b5bd-4ec2-9fd0-93974b302343 ro recovery nomodeset dis_ucode_ldr 
		echo	'Loading initial ramdisk ...'
		initrd	/boot/initrd.img-5.4.0-66-generic
}
menuentry "Ubuntu, with Linux 5.4.0-65-generic" --class ubuntu --class gnu-linux --class gnu --class os $menuentry_id_option 'gnulinux-5.4.0-65-generic-advanced-feb52cdc-b5bd-4ec2-9fd0-93974b302343' {
		recordfail
		load_video
		gfxmode $linux_gfx_mode
		insmod gzio
		if [ x$grub_platform = xxen ]; then insmod xzio; insmod lzopio; fi
		insmod part_gpt
		insmod ext2
		set root='hd0,gpt2'
		if [ x$feature_platform_search_hint = xy ]; then
		  search --no-floppy --fs-uuid --set=root --hint-bios=hd0,gpt2 --hint-efi=hd0,gpt2 --hint-baremetal=ahci0,gpt2  feb52cdc-b5bd-4ec2-9fd0-93974b302343
		else
		  search --no-floppy --fs-uuid --set=root feb52cdc-b5bd-4ec2-9fd0-93974b302343
		fi
		echo	'Loading Linux 5.4.0-65-generic ...'
		linux	/boot/vmlinuz-5.4.0-65-generic root=UUID=feb52cdc-b5bd-4ec2-9fd0-93974b302343 ro  quiet splash $vt_handoff
		echo	'Loading initial ramdisk ...'
		initrd	/boot/initrd.img-5.4.0-65-generic
}
menuentry "Ubuntu, with Linux 5.4.0-65-generic (recovery mode)" --class ubuntu --class gnu-linux --class gnu --class os $menuentry_id_option 'gnulinux-5.4.0-65-generic-recovery-feb52cdc-b5bd-4ec2-9fd0-93974b302343' {
		recordfail
		load_video
		insmod gzio
		if [ x$grub_platform = xxen ]; then insmod xzio; insmod lzopio; fi
		insmod part_gpt
		insmod ext2
		set root='hd0,gpt2'
		if [ x$feature_platform_search_hint = xy ]; then
		  search --no-floppy --fs-uuid --set=root --hint-bios=hd0,gpt2 --hint-efi=hd0,gpt2 --hint-baremetal=ahci0,gpt2  feb52cdc-b5bd-4ec2-9fd0-93974b302343
		else
		  search --no-floppy --fs-uuid --set=root feb52cdc-b5bd-4ec2-9fd0-93974b302343
		fi
		echo	'Loading Linux 5.4.0-65-generic ...'
		linux	/boot/vmlinuz-5.4.0-65-generic root=UUID=feb52cdc-b5bd-4ec2-9fd0-93974b302343 ro recovery nomodeset dis_ucode_ldr 
		echo	'Loading initial ramdisk ...'
		initrd	/boot/initrd.img-5.4.0-65-generic
}
menuentry "Ubuntu, with Linux 5.4.0-64-generic" --class ubuntu --class gnu-linux --class gnu --class os $menuentry_id_option 'gnulinux-5.4.0-64-generic-advanced-feb52cdc-b5bd-4ec2-9fd0-93974b302343' {
		recordfail
		load_video
		gfxmode $linux_gfx_mode
		insmod gzio
		if [ x$grub_platform = xxen ]; then insmod xzio; insmod lzopio; fi
		insmod part_gpt
		insmod ext2
		set root='hd0,gpt2'
		if [ x$feature_platform_search_hint = xy ]; then
		  search --no-floppy --fs-uuid --set=root --hint-bios=hd0,gpt2 --hint-efi=hd0,gpt2 --hint-baremetal=ahci0,gpt2  feb52cdc-b5bd-4ec2-9fd0-93974b302343
		else
		  search --no-floppy --fs-uuid --set=root feb52cdc-b5bd-4ec2-9fd0-93974b302343
		fi
		echo	'Loading Linux 5.4.0-64-generic ...'
		linux	/boot/vmlinuz-5.4.0-64-generic root=UUID=feb52cdc-b5bd-4ec2-9fd0-93974b302343 ro  quiet splash $vt_handoff
		echo	'Loading initial ramdisk ...'
		initrd	/boot/initrd.img-5.4.0-64-generic
}
menuentry "Ubuntu, with Linux 5.4.0-64-generic (recovery mode)" --class ubuntu --class gnu-linux --class gnu --class os $menuentry_id_option 'gnulinux-5.4.0-64-generic-recovery-feb52cdc-b5bd-4ec2-9fd0-93974b302343' {
		recordfail
		load_video
		insmod gzio
		if [ x$grub_platform = xxen ]; then insmod xzio; insmod lzopio; fi
		insmod part_gpt
		insmod ext2
		set root='hd0,gpt2'
		if [ x$feature_platform_search_hint = xy ]; then
		  search --no-floppy --fs-uuid --set=root --hint-bios=hd0,gpt2 --hint-efi=hd0,gpt2 --hint-baremetal=ahci0,gpt2  feb52cdc-b5bd-4ec2-9fd0-93974b302343
		else
		  search --no-floppy --fs-uuid --set=root feb52cdc-b5bd-4ec2-9fd0-93974b302343
		fi
		echo	'Loading Linux 5.4.0-64-generic ...'
		linux	/boot/vmlinuz-5.4.0-64-generic root=UUID=feb52cdc-b5bd-4ec2-9fd0-93974b302343 ro recovery nomodeset dis_ucode_ldr 
		echo	'Loading initial ramdisk ...'
		initrd	/boot/initrd.img-5.4.0-64-generic
}
menuentry "Ubuntu, with Linux 5.4.0-62-generic" --class ubuntu --class gnu-linux --class gnu --class os $menuentry_id_option 'gnulinux-5.4.0-62-generic-advanced-feb52cdc-b5bd-4ec2-9fd0-93974b302343' {
		recordfail
		load_video
		gfxmode $linux_gfx_mode
		insmod gzio
		if [ x$grub_platform = xxen ]; then insmod xzio; insmod lzopio; fi
		insmod part_gpt
		insmod ext2
		set root='hd0,gpt2'
		if [ x$feature_platform_search_hint = xy ]; then
		  search --no-floppy --fs-uuid --set=root --hint-bios=hd0,gpt2 --hint-efi=hd0,gpt2 --hint-baremetal=ahci0,gpt2  feb52cdc-b5bd-4ec2-9fd0-93974b302343
		else
		  search --no-floppy --fs-uuid --set=root feb52cdc-b5bd-4ec2-9fd0-93974b302343
		fi
		echo	'Loading Linux 5.4.0-62-generic ...'
		linux	/boot/vmlinuz-5.4.0-62-generic root=UUID=feb52cdc-b5bd-4ec2-9fd0-93974b302343 ro  quiet splash $vt_handoff
		echo	'Loading initial ramdisk ...'
		initrd	/boot/initrd.img-5.4.0-62-generic
}
menuentry "Ubuntu, with Linux 5.4.0-62-generic (recovery mode)" --class ubuntu --class gnu-linux --class gnu --class os $menuentry_id_option 'gnulinux-5.4.0-62-generic-recovery-feb52cdc-b5bd-4ec2-9fd0-93974b302343' {
		recordfail
		load_video
		insmod gzio
		if [ x$grub_platform = xxen ]; then insmod xzio; insmod lzopio; fi
		insmod part_gpt
		insmod ext2
		set root='hd0,gpt2'
		if [ x$feature_platform_search_hint = xy ]; then
		  search --no-floppy --fs-uuid --set=root --hint-bios=hd0,gpt2 --hint-efi=hd0,gpt2 --hint-baremetal=ahci0,gpt2  feb52cdc-b5bd-4ec2-9fd0-93974b302343
		else
		  search --no-floppy --fs-uuid --set=root feb52cdc-b5bd-4ec2-9fd0-93974b302343
		fi
		echo	'Loading Linux 5.4.0-62-generic ...'
		linux	/boot/vmlinuz-5.4.0-62-generic root=UUID=feb52cdc-b5bd-4ec2-9fd0-93974b302343 ro recovery nomodeset dis_ucode_ldr 
		echo	'Loading initial ramdisk ...'
		initrd	/boot/initrd.img-5.4.0-62-generic
}
menuentry "Ubuntu, with Linux 5.4.0-60-generic" --class ubuntu --class gnu-linux --class gnu --class os $menuentry_id_option 'gnulinux-5.4.0-60-generic-advanced-feb52cdc-b5bd-4ec2-9fd0-93974b302343' {
		recordfail
		load_video
		gfxmode $linux_gfx_mode
		insmod gzio
		if [ x$grub_platform = xxen ]; then insmod xzio; insmod lzopio; fi
		insmod part_gpt
		insmod ext2
		set root='hd0,gpt2'
		if [ x$feature_platform_search_hint = xy ]; then
		  search --no-floppy --fs-uuid --set=root --hint-bios=hd0,gpt2 --hint-efi=hd0,gpt2 --hint-baremetal=ahci0,gpt2  feb52cdc-b5bd-4ec2-9fd0-93974b302343
		else
		  search --no-floppy --fs-uuid --set=root feb52cdc-b5bd-4ec2-9fd0-93974b302343
		fi
		echo	'Loading Linux 5.4.0-60-generic ...'
		linux	/boot/vmlinuz-5.4.0-60-generic root=UUID=feb52cdc-b5bd-4ec2-9fd0-93974b302343 ro  quiet splash $vt_handoff
		echo	'Loading initial ramdisk ...'
		initrd	/boot/initrd.img-5.4.0-60-generic
}
menuentry "Ubuntu, with Linux 5.4.0-60-generic (recovery mode)" --class ubuntu --class gnu-linux --class gnu --class os $menuentry_id_option 'gnulinux-5.4.0-60-generic-recovery-feb52cdc-b5bd-4ec2-9fd0-93974b302343' {
		recordfail
		load_video
		insmod gzio
		if [ x$grub_platform = xxen ]; then insmod xzio; insmod lzopio; fi
		insmod part_gpt
		insmod ext2
		set root='hd0,gpt2'
		if [ x$feature_platform_search_hint = xy ]; then
		  search --no-floppy --fs-uuid --set=root --hint-bios=hd0,gpt2 --hint-efi=hd0,gpt2 --hint-baremetal=ahci0,gpt2  feb52cdc-b5bd-4ec2-9fd0-93974b302343
		else
		  search --no-floppy --fs-uuid --set=root feb52cdc-b5bd-4ec2-9fd0-93974b302343
		fi
		echo	'Loading Linux 5.4.0-60-generic ...'
		linux	/boot/vmlinuz-5.4.0-60-generic root=UUID=feb52cdc-b5bd-4ec2-9fd0-93974b302343 ro recovery nomodeset dis_ucode_ldr 
		echo	'Loading initial ramdisk ...'
		initrd	/boot/initrd.img-5.4.0-60-generic
}
menuentry "Ubuntu, with Linux 5.4.0-26-generic" --class ubuntu --class gnu-linux --class gnu --class os $menuentry_id_option 'gnulinux-5.4.0-26-generic-advanced-feb52cdc-b5bd-4ec2-9fd0-93974b302343' {
		recordfail
		load_video
		gfxmode $linux_gfx_mode
		insmod gzio
		if [ x$grub_platform = xxen ]; then insmod xzio; insmod lzopio; fi
		insmod part_gpt
		insmod ext2
		set root='hd0,gpt2'
		if [ x$feature_platform_search_hint = xy ]; then
		  search --no-floppy --fs-uuid --set=root --hint-bios=hd0,gpt2 --hint-efi=hd0,gpt2 --hint-baremetal=ahci0,gpt2  feb52cdc-b5bd-4ec2-9fd0-93974b302343
		else
		  search --no-floppy --fs-uuid --set=root feb52cdc-b5bd-4ec2-9fd0-93974b302343
		fi
		echo	'Loading Linux 5.4.0-26-generic ...'
		linux	/boot/vmlinuz-5.4.0-26-generic root=UUID=feb52cdc-b5bd-4ec2-9fd0-93974b302343 ro  quiet splash $vt_handoff
		echo	'Loading initial ramdisk ...'
		initrd	/boot/initrd.img-5.4.0-26-generic
}
menuentry "Ubuntu, with Linux 5.4.0-26-generic (recovery mode)" --class ubuntu --class gnu-linux --class gnu --class os $menuentry_id_option 'gnulinux-5.4.0-26-generic-recovery-feb52cdc-b5bd-4ec2-9fd0-93974b302343' {
		recordfail
		load_video
		insmod gzio
		if [ x$grub_platform = xxen ]; then insmod xzio; insmod lzopio; fi
		insmod part_gpt
		insmod ext2
		set root='hd0,gpt2'
		if [ x$feature_platform_search_hint = xy ]; then
		  search --no-floppy --fs-uuid --set=root --hint-bios=hd0,gpt2 --hint-efi=hd0,gpt2 --hint-baremetal=ahci0,gpt2  feb52cdc-b5bd-4ec2-9fd0-93974b302343
		else
		  search --no-floppy --fs-uuid --set=root feb52cdc-b5bd-4ec2-9fd0-93974b302343
		fi
		echo	'Loading Linux 5.4.0-26-generic ...'
		linux	/boot/vmlinuz-5.4.0-26-generic root=UUID=feb52cdc-b5bd-4ec2-9fd0-93974b302343 ro recovery nomodeset dis_ucode_ldr 
		echo	'Loading initial ramdisk ...'
		initrd	/boot/initrd.img-5.4.0-26-generic
}
}
### END /etc/grub.d/31_linux_proxy ###

### BEGIN /etc/grub.d/32_linux_zfs ###
### END /etc/grub.d/32_linux_zfs ###

### BEGIN /etc/grub.d/33_linux_xen ###

### END /etc/grub.d/33_linux_xen ###

### BEGIN /etc/grub.d/34_os-prober_proxy ###


set timeout_style=menu
if [ "${timeout}" = 0 ]; then
  set timeout=10
fi
### END /etc/grub.d/34_os-prober_proxy ###

### BEGIN /etc/grub.d/35_uefi-firmware ###
### END /etc/grub.d/35_uefi-firmware ###

### BEGIN /etc/grub.d/40_custom ###
# This file provides an easy way to add custom menu entries.  Simply type the
# menu entries you want to add after this comment.  Be careful not to change
# the 'exec tail' line above.
### END /etc/grub.d/40_custom ###

### BEGIN /etc/grub.d/41_custom ###
if [ -f  ${config_directory}/custom.cfg ]; then
  source ${config_directory}/custom.cfg
elif [ -z "${config_directory}" -a -f  $prefix/custom.cfg ]; then
  source $prefix/custom.cfg;
fi
### END /etc/grub.d/41_custom ###


--------------------------------------------------------------------------------

=============================== sda2/etc/fstab: ================================

--------------------------------------------------------------------------------
# /etc/fstab: static file system information.
#
# Use 'blkid' to print the universally unique identifier for a
# device; this may be used with UUID= as a more robust way to name devices
# that works even if disks are added and removed. See fstab(5).
#
# <file system> <mount point>   <type>  <options>       <dump>  <pass>
# / was on /dev/sda2 during installation
UUID=feb52cdc-b5bd-4ec2-9fd0-93974b302343 /               ext4    errors=remount-ro 0       1
# swap was on /dev/sda1 during installation
UUID=b6a9230c-78d6-4d4e-a3e0-1ef853a8b4bd none            swap    sw              0       0


# User add automount
UUID=293727CAA7D3F8B3	/mnt/windows		auto nosuid,nodev,nofail,x-gvfs-show	0	0
UUID=C486D8ED86D8E14A	/mnt/d			auto nosuid,nodev,nofail,x-gvfs-show	0	0
UUID=5CAA0068AA0040CE	/mnt/e			auto nosuid,nodev,nofail,x-gvfs-show	0	0
UUID=368C6D7A8C6D3591	/mnt/games-ssd		auto nosuid,nodev,nofail,x-gvfs-show	0	0
UUID=7610191B1018E441	/mnt/games-hdd		auto nosuid,nodev,nofail,x-gvfs-show	0	0
UUID=76D0F456D0F41E55	/mnt/hdd-1_5t		auto nosuid,nodev,nofail,x-gvfs-show	0	0
# End of User add automount

--------------------------------------------------------------------------------

=================== sda2: Location of files loaded by Grub: ====================

           GiB - GB             File                                 Fragment(s)

 141.775184631 = 152.229945344  boot/grub/grub.cfg                             3
  56.225734711 = 60.371922944   boot/grub/i386-pc/core.img                     1
 177.910366058 = 191.029800960  boot/vmlinuz                                   1
   2.219722748 = 2.383409152    boot/vmlinuz-5.4.0-26-generic                  2
  35.207172394 = 37.803413504   boot/vmlinuz-5.4.0-60-generic                  1
 146.730609894 = 157.550792704  boot/vmlinuz-5.4.0-62-generic                  1
  63.480609894 = 68.161785856   boot/vmlinuz-5.4.0-64-generic                  1
  48.785297394 = 52.382814208   boot/vmlinuz-5.4.0-65-generic                  1
 143.394676208 = 153.968861184  boot/vmlinuz-5.4.0-66-generic                  2
  58.855674744 = 63.195799552   boot/vmlinuz-5.4.0-67-generic                  1
 177.910366058 = 191.029800960  boot/vmlinuz-5.4.0-72-generic                  1
  58.855674744 = 63.195799552   boot/vmlinuz.old                               1
 230.262603760 = 247.242588160  boot/initrd.img                                2
 229.816287994 = 246.763360256  boot/initrd.img-5.4.0-26-generic               1
 229.734336853 = 246.675365888  boot/initrd.img-5.4.0-60-generic               1
 229.652305603 = 246.587285504  boot/initrd.img-5.4.0-62-generic               2
 229.566368103 = 246.495010816  boot/initrd.img-5.4.0-64-generic               1
 229.484344482 = 246.406938624  boot/initrd.img-5.4.0-65-generic               1
 229.402313232 = 246.318858240  boot/initrd.img-5.4.0-66-generic               2
 229.313472748 = 246.223466496  boot/initrd.img-5.4.0-67-generic               3
 230.262603760 = 247.242588160  boot/initrd.img-5.4.0-72-generic               2
 229.313472748 = 246.223466496  boot/initrd.img.old                            3

=========================== sdc1/boot/grub/grub.cfg: ===========================

--------------------------------------------------------------------------------

if loadfont /boot/grub/font.pf2 ; then
	set gfxmode=auto
	insmod efi_gop
	insmod efi_uga
	insmod gfxterm
	terminal_output gfxterm
fi

set menu_color_normal=white/black
set menu_color_highlight=black/light-gray

menuentry "Start Linux Mint 20 Cinnamon 64-bit" --class linuxmint {
	set gfxpayload=keep
	linux	/casper/vmlinuz  file=/cdrom/preseed/linuxmint.seed boot=casper iso-scan/filename=${iso_path} quiet splash --
	initrd	/casper/initrd.lz
}
menuentry "Start Linux Mint 20 Cinnamon 64-bit (compatibility mode)" {
	linux	/casper/vmlinuz  file=/cdrom/preseed/linuxmint.seed boot=casper iso-scan/filename=${iso_path} noapic noacpi nosplash irqpoll nomodeset --
	initrd	/casper/initrd.lz
}
menuentry "OEM install (for manufacturers)" {
	set gfxpayload=keep
	linux	/casper/vmlinuz  file=/cdrom/preseed/linuxmint.seed oem-config/enable=true only-ubiquity boot=casper iso-scan/filename=${iso_path} quiet splash --
	initrd	/casper/initrd.lz
}
menuentry "Check the integrity of the medium" {
	linux	/casper/vmlinuz  boot=casper integrity-check iso-scan/filename=${iso_path} quiet splash --
	initrd	/casper/initrd.lz
}
--------------------------------------------------------------------------------

============================== sdc1/syslinux.cfg: ==============================

--------------------------------------------------------------------------------
DEFAULT loadconfig

LABEL loadconfig
  CONFIG /isolinux/isolinux.cfg
  APPEND /isolinux/
--------------------------------------------------------------------------------

=================== sdc1: Location of files loaded by Grub: ====================

           GiB - GB             File                                 Fragment(s)

            ?? = ??             boot/grub/grub.cfg                             1

================= sdc1: Location of files loaded by Syslinux: ==================

           GiB - GB             File                                 Fragment(s)

            ?? = ??             syslinux.cfg                                   1
            ?? = ??             ldlinux.sys                                    1

======================== Unknown MBRs/Boot Sectors/etc: ========================

Unknown BootLoader on sdb2

00000000  00 00 00 43 43 56 4f 4c  20 20 20 00 00 00 00 00  |...CCVOL   .....|
00000010  86 04 88 27 49 22 20 70  00 00 00 00 00 00 00 00  |...'I" p........|
00000020  f0 36 cb e1 4f 33 94 45  8d 73 ed 8b d3 38 a1 8a  |.6..O3.E.s...8..|
00000030  4c 00 32 00 53 00 54 00  4f 00 52 00 41 00 47 00  |L.2.S.T.O.R.A.G.|
00000040  45 00 00 00 e1 97 00 00  00 00 00 00 00 00 00 00  |E...............|
00000050  49 00 00 00 00 00 00 00  ff ff ff ff 00 00 00 00  |I...............|
00000060  80 7c 65 ee 48 02 00 00  d4 05 00 00 00 00 00 00  |.|e.H...........|
00000070  00 00 00 80 0c 00 00 00  00 00 00 00 01 00 00 00  |................|
00000080  00 08 00 00 00 f8 3f 06  00 00 00 00 00 00 00 00  |......?.........|
00000090  00 00 00 00 00 00 00 00  00 00 00 00 00 00 00 00  |................|
*
000001f0  00 00 00 00 00 00 00 00  00 00 00 00 00 00 55 aa  |..............U.|
00000200


=============================== StdErr Messages: ===============================

File descriptor 9 (/proc/2838/mountinfo) leaked on lvs invocation. Parent PID 17090: bash

ADDITIONAL INFORMATION :
=================== log of boot-repair 20210520_1049 ===================
boot-repair version : 4ppa78
boot-sav version : 4ppa78
boot-sav-extra version : 4ppa78
glade2script version : 3.2.4~ppa6
boot-repair is executed in live-session (Linux Mint 20, ulyana, Linuxmint, x86_64)
CPU op-mode(s):                  32-bit, 64-bit
Address sizes:                   43 bits physical, 48 bits virtual
BOOT_IMAGE=/casper/vmlinuz file=/cdrom/preseed/linuxmint.seed boot=casper initrd=/casper/initrd.lz quiet splash --
ls: cannot access '/home/usr/.config': No such file or directory
NTFS signature is missing.
Failed to mount '/dev/sdb2': Invalid argument
The device '/dev/sdb2' doesn't seem to have a valid NTFS.
Maybe the wrong device is used? Or the whole disk instead of a
partition (e.g. /dev/sda, not /dev/sda1)? Or the other way around?
mount /dev/sdb2 : Error code 12
mount -r /dev/sdb2 /mnt/boot-sav/sdb2
NTFS signature is missing.
Failed to mount '/dev/sdb2': Invalid argument
The device '/dev/sdb2' doesn't seem to have a valid NTFS.
Maybe the wrong device is used? Or the whole disk instead of a
partition (e.g. /dev/sda, not /dev/sda1)? Or the other way around?
mount -r /dev/sdb2 : Error code 12

=================== os-prober:
/dev/nvme0n1p1:Windows 10:Windows:chain
/dev/sda2:Linux Mint 20.1 Ulyssa (20.1):LinuxMint:linux

=================== blkid:
/dev/nvme0n1p1: LABEL="1T_SSD" UUID="293727CAA7D3F8B3" TYPE="ntfs" PARTUUID="7491fd58-01"
/dev/nvme0n1p2: UUID="2458FF0758FED690" TYPE="ntfs" PARTUUID="7491fd58-02"
/dev/sda2: UUID="feb52cdc-b5bd-4ec2-9fd0-93974b302343" TYPE="ext4" PARTUUID="39100f63-b6c0-4e11-a9a4-f29da562c518"
/dev/sdb1: LABEL="Games SSD" UUID="368C6D7A8C6D3591" TYPE="ntfs" PARTUUID="20fa3f4b-01"
/dev/sdc1: LABEL="LINUX MINT" UUID="07F6-0B18" TYPE="vfat" PARTUUID="00066b4f-01"
/dev/loop0: TYPE="squashfs"
/dev/sda1: UUID="b6a9230c-78d6-4d4e-a3e0-1ef853a8b4bd" TYPE="swap" PARTUUID="a94e3e12-02e2-4ccf-b057-2e05482c1b6e"
/dev/sdd1: LABEL="390G" UUID="C486D8ED86D8E14A" TYPE="ntfs" PARTUUID="7ed6b289-01"
/dev/sdd2: LABEL="550G" UUID="5CAA0068AA0040CE" TYPE="ntfs" PARTUUID="7ed6b289-02"
/dev/sde1: LABEL="HDD2T" UUID="76D0F456D0F41E55" TYPE="ntfs" PARTUUID="051fbb9d-01"
/dev/sde2: LABEL="Games" UUID="7610191B1018E441" TYPE="ntfs" PARTUUID="051fbb9d-02"
/dev/sdb2: PTTYPE="dos" PARTUUID="20fa3f4b-02"


2 disks with OS, 2 OS : 1 Linux, 0 MacOS, 1 Windows, 0 unknown type OS.

NTFS signature is missing.
Failed to mount '/dev/sdb2': Invalid argument
The device '/dev/sdb2' doesn't seem to have a valid NTFS.
Maybe the wrong device is used? Or the whole disk instead of a
partition (e.g. /dev/sda, not /dev/sda1)? Or the other way around?
mount /dev/sdb2 : Error code 12
mount -r /dev/sdb2 /mnt/boot-sav/sdb2
NTFS signature is missing.
Failed to mount '/dev/sdb2': Invalid argument
The device '/dev/sdb2' doesn't seem to have a valid NTFS.
Maybe the wrong device is used? Or the whole disk instead of a
partition (e.g. /dev/sda, not /dev/sda1)? Or the other way around?
mount -r /dev/sdb2 : Error code 12

=================== sda2/etc/grub.d/ :
drwxr-xr-x  5 root root     4096 May 19 11:11 grub.d
total 124
-rwxr-xr-x 1 root root 10627 Apr 15  2020 00_header
-rwxr-xr-x 1 root root  6258 Apr 15  2020 05_debian_theme
-rwxr-xr-x 1 root root   914 Jan 24 06:53 10_linux_proxy
-rwxr-xr-x 1 root root   192 Jan 24 06:53 30_os-prober_proxy
-rwxr-xr-x 1 root root   914 Jan 24 06:53 31_linux_proxy
-rwxr-xr-x 1 root root 42359 Nov 12  2020 32_linux_zfs
-rwxr-xr-x 1 root root 12894 Apr 15  2020 33_linux_xen
-rwxr-xr-x 1 root root   192 Jan 24 06:53 34_os-prober_proxy
-rwxr-xr-x 1 root root  1424 Apr 15  2020 35_uefi-firmware
-rwxr-xr-x 1 root root   214 Apr 15  2020 40_custom
-rwxr-xr-x 1 root root   216 Apr 15  2020 41_custom
-rw-r--r-- 1 root root   483 Apr 15  2020 README
drwxr-xr-x 4 root root  4096 Dec 31 17:02 backup
drwxr-xr-x 2 root root  4096 Dec 31 17:02 bin
drwxr-xr-x 2 root root  4096 Jan 24 06:53 proxifiedScripts




=================== sda2/etc/default/grub :

# If you change this file, run 'update-grub' afterwards to update
# /boot/grub/grub.cfg.
# For full documentation of the options in this file, see:
#   info -f grub -n 'Simple configuration'

GRUB_DEFAULT="0"
GRUB_TIMEOUT_STYLE="hidden"
GRUB_TIMEOUT=4
GRUB_DISTRIBUTOR="`lsb_release -i -s 2> /dev/null || echo Debian`"
GRUB_CMDLINE_LINUX_DEFAULT="quiet splash"
GRUB_CMDLINE_LINUX=""

# Uncomment to enable BadRAM filtering, modify to suit your needs
# This works with Linux (no patch required) and with any kernel that obtains
# the memory map information from GRUB (GNU Mach, kernel of FreeBSD ...)
#GRUB_BADRAM="0x01234567,0xfefefefe,0x89abcdef,0xefefefef"

# Uncomment to disable graphical terminal (grub-pc only)
#GRUB_TERMINAL="console"

# The resolution used on graphical terminal
# note that you can use only modes which your graphic card supports via VBE
# you can see them in real GRUB with the command `vbeinfo'
GRUB_GFXMODE="1920x1080"

# Uncomment if you don't want GRUB to pass "root=UUID=xxx" parameter to Linux
#GRUB_DISABLE_LINUX_UUID="true"

# Uncomment to disable generation of recovery mode menu entries
#GRUB_DISABLE_RECOVERY="true"

# Uncomment to get a beep at grub start
#GRUB_INIT_TUNE="480 440 1"

export GRUB_COLOR_NORMAL="light-gray/dark-gray"
export GRUB_COLOR_HIGHLIGHT="white/cyan"



=================== UEFI/Legacy mode:
This live-session is not in EFI-mode.
EFI in dmesg.
[    0.000000] ACPI: UEFI 0x00000000DC1AA540 000042 (v01 ALASKA A M I    00000002      01000013)
[    7.362623] systemd[1]: Condition check resulted in Store a System Token in an EFI Variable being skipped.
SecureBoot maybe enabled.


=================== PARTITIONS & DISKS:
nvme0n1p1	: nvme0n1,	not-sepboot,	no-grubenv	nogrub,	no-docgrub,	no-update-grub,	32,	no-boot,	is-os,	not--efi--part,	part-has-no-fstab,	part-has-no-fstab,	no-nt,	haswinload,	no-recov-nor-hid,	bootmgr,	is-winboot,	nopakmgr,	nogrubinstall,	no---usr,	part-has-no-fstab,	not-sep-usr,	standard,	farbios,	notbiosboot, /mnt/boot-sav/nvme0n1p1.
nvme0n1p2	: nvme0n1,	not-sepboot,	no-grubenv	nogrub,	no-docgrub,	no-update-grub,	32,	no-boot,	no-os,	not--efi--part,	part-has-no-fstab,	part-has-no-fstab,	no-nt,	no-winload,	no-recov-nor-hid,	no-bmgr,	notwinboot,	nopakmgr,	nogrubinstall,	no---usr,	part-has-no-fstab,	not-sep-usr,	standard,	farbios,	notbiosboot, /mnt/boot-sav/nvme0n1p2.
sda2	: sda,	not-sepboot,	grubenv-ok	grub2,	grub-pc ,	update-grub,	64,	with-boot,	is-os,	not--efi--part,	fstab-without-boot,	fstab-without-efi,	no-nt,	no-winload,	no-recov-nor-hid,	no-bmgr,	notwinboot,	apt-get,	grub-install,	with--usr,	fstab-without-usr,	not-sep-usr,	customized,	farbios,	notbiosboot, /mnt/boot-sav/sda2.
sdb1	: sdb,	not-sepboot,	no-grubenv	nogrub,	no-docgrub,	no-update-grub,	32,	no-boot,	no-os,	not--efi--part,	part-has-no-fstab,	part-has-no-fstab,	no-nt,	no-winload,	no-recov-nor-hid,	no-bmgr,	notwinboot,	nopakmgr,	nogrubinstall,	no---usr,	part-has-no-fstab,	not-sep-usr,	standard,	farbios,	notbiosboot, /mnt/boot-sav/sdb1.
sdd1	: sdd,	not-sepboot,	no-grubenv	nogrub,	no-docgrub,	no-update-grub,	32,	no-boot,	no-os,	not--efi--part,	part-has-no-fstab,	part-has-no-fstab,	no-nt,	no-winload,	no-recov-nor-hid,	no-bmgr,	notwinboot,	nopakmgr,	nogrubinstall,	no---usr,	part-has-no-fstab,	not-sep-usr,	standard,	farbios,	notbiosboot, /mnt/boot-sav/sdd1.
sdd2	: sdd,	not-sepboot,	no-grubenv	nogrub,	no-docgrub,	no-update-grub,	32,	no-boot,	no-os,	not--efi--part,	part-has-no-fstab,	part-has-no-fstab,	no-nt,	no-winload,	no-recov-nor-hid,	no-bmgr,	notwinboot,	nopakmgr,	nogrubinstall,	no---usr,	part-has-no-fstab,	not-sep-usr,	standard,	farbios,	notbiosboot, /media/mint/550G.
sde1	: sde,	not-sepboot,	no-grubenv	nogrub,	no-docgrub,	no-update-grub,	32,	no-boot,	no-os,	not--efi--part,	part-has-no-fstab,	part-has-no-fstab,	no-nt,	no-winload,	no-recov-nor-hid,	no-bmgr,	notwinboot,	nopakmgr,	nogrubinstall,	no---usr,	part-has-no-fstab,	not-sep-usr,	standard,	farbios,	notbiosboot, /mnt/boot-sav/sde1.
sde2	: sde,	not-sepboot,	no-grubenv	nogrub,	no-docgrub,	no-update-grub,	32,	no-boot,	no-os,	not--efi--part,	part-has-no-fstab,	part-has-no-fstab,	no-nt,	no-winload,	no-recov-nor-hid,	no-bmgr,	notwinboot,	nopakmgr,	nogrubinstall,	no---usr,	part-has-no-fstab,	not-sep-usr,	standard,	farbios,	notbiosboot, /mnt/boot-sav/sde2.
sdb2	: sdb,	maybesepboot,	no-grubenv	nogrub,	no-docgrub,	no-update-grub,	32,	no-boot,	no-os,	not--efi--part,	part-has-no-fstab,	part-has-no-fstab,	no-nt,	no-winload,	no-recov-nor-hid,	no-bmgr,	notwinboot,	nopakmgr,	nogrubinstall,	no---usr,	part-has-no-fstab,	not-sep-usr,	standard,	farbios,	notbiosboot, /mnt/boot-sav/sdb2.

nvme0n1	: not-GPT,	BIOSboot-not-needed,	has-no-EFIpart, 	not-usb,	not-mmc, has-os,	2048 sectors * 512 bytes
sda	: GPT,	no-BIOS_boot,	has-no-EFIpart, 	not-usb,	not-mmc, has-os,	2048 sectors * 512 bytes
sdb	: not-GPT,	BIOSboot-not-needed,	has-no-EFIpart, 	not-usb,	not-mmc, no-os,	2048 sectors * 512 bytes
sdd	: not-GPT,	BIOSboot-not-needed,	has-no-EFIpart, 	not-usb,	not-mmc, no-os,	2048 sectors * 512 bytes
sde	: not-GPT,	BIOSboot-not-needed,	has-no-EFIpart, 	not-usb,	not-mmc, no-os,	2048 sectors * 512 bytes


=================== parted -lm:

BYT;
/dev/sda:480GB:scsi:512:512:gpt:ATA SanDisk SDSSDA48:;
2:1049kB:464GB:464GB:ext4::;
1:464GB:480GB:16.4GB:linux-swap(v1)::swap;

BYT;
/dev/sdb:250GB:scsi:512:512:msdos:ATA Samsung SSD 860:;
1:1049kB:196GB:196GB:ntfs::;
2:196GB:250GB:53.7GB:::;

BYT;
/dev/sdc:62.4GB:scsi:512:512:msdos:SanDisk Cruzer Glide 3.0:;
1:1049kB:62.4GB:62.4GB:fat32::boot, lba;

BYT;
/dev/sdd:1000GB:scsi:512:4096:msdos:ATA HGST HTS721010A9:;
1:1049kB:418GB:418GB:ntfs::;
2:418GB:1000GB:582GB:ntfs::;

BYT;
/dev/sde:2000GB:scsi:512:4096:msdos:ATA TOSHIBA HDWD120:;
1:1049kB:1464GB:1464GB:ntfs::;
2:1464GB:2000GB:537GB:ntfs::;

BYT;
/dev/nvme0n1:1024GB:nvme:512:512:msdos:PLEXTOR PX-1TM9PGN +:;
1:1049kB:1024GB:1024GB:ntfs::boot;
2:1024GB:1024GB:627MB:ntfs::msftres;

=================== lsblk:
KNAME     TYPE FSTYPE     SIZE LABEL
loop0     loop squashfs   1.8G
sda       disk          447.1G
sda1      part swap      15.3G
sda2      part ext4     431.8G
sdb       disk          232.9G
sdb1      part ntfs     182.9G Games SSD
sdb2      part             50G
sdc       disk           58.1G
sdc1      part vfat      58.1G LINUX MINT
sdd       disk          931.5G
sdd1      part ntfs     389.7G 390G
sdd2      part ntfs     541.9G 550G
sde       disk            1.8T
sde1      part ntfs       1.3T HDD2T
sde2      part ntfs       500G Games
nvme0n1   disk          953.9G
nvme0n1p1 part ntfs     953.3G 1T_SSD
nvme0n1p2 part ntfs       598M

KNAME     ROTA RO RM STATE   MOUNTPOINT
loop0        1  1  0         /rofs
sda          0  0  0 running
sda1         0  0  0         [SWAP]
sda2         0  0  0         /mnt/boot-sav/sda2
sdb          0  0  0 running
sdb1         0  0  0         /mnt/boot-sav/sdb1
sdb2         0  0  0
sdc          1  0  1 running
sdc1         1  0  1         /cdrom
sdd          1  0  0 running
sdd1         1  0  0         /mnt/boot-sav/sdd1
sdd2         1  0  0         /media/mint/550G
sde          1  0  0 running
sde1         1  0  0         /mnt/boot-sav/sde1
sde2         1  0  0         /mnt/boot-sav/sde2
nvme0n1      0  0  0 live
nvme0n1p1    0  0  0         /mnt/boot-sav/nvme0n1p1
nvme0n1p2    0  0  0         /mnt/boot-sav/nvme0n1p2


=================== mount:
sysfs on /sys type sysfs (rw,nosuid,nodev,noexec,relatime)
proc on /proc type proc (rw,nosuid,nodev,noexec,relatime)
udev on /dev type devtmpfs (rw,nosuid,noexec,relatime,size=8124704k,nr_inodes=2031176,mode=755)
devpts on /dev/pts type devpts (rw,nosuid,noexec,relatime,gid=5,mode=620,ptmxmode=000)
tmpfs on /run type tmpfs (rw,nosuid,nodev,noexec,relatime,size=1640636k,mode=755)
/dev/sdc1 on /cdrom type vfat (ro,noatime,fmask=0022,dmask=0022,codepage=437,iocharset=iso8859-1,shortname=mixed,errors=remount-ro)
/dev/loop0 on /rofs type squashfs (ro,noatime)
/cow on / type overlay (rw,relatime,lowerdir=/filesystem.squashfs,upperdir=/cow/upper,workdir=/cow/work)
securityfs on /sys/kernel/security type securityfs (rw,nosuid,nodev,noexec,relatime)
tmpfs on /dev/shm type tmpfs (rw,nosuid,nodev)
tmpfs on /run/lock type tmpfs (rw,nosuid,nodev,noexec,relatime,size=5120k)
tmpfs on /sys/fs/cgroup type tmpfs (ro,nosuid,nodev,noexec,mode=755)
cgroup2 on /sys/fs/cgroup/unified type cgroup2 (rw,nosuid,nodev,noexec,relatime,nsdelegate)
cgroup on /sys/fs/cgroup/systemd type cgroup (rw,nosuid,nodev,noexec,relatime,xattr,name=systemd)
pstore on /sys/fs/pstore type pstore (rw,nosuid,nodev,noexec,relatime)
none on /sys/fs/bpf type bpf (rw,nosuid,nodev,noexec,relatime,mode=700)
cgroup on /sys/fs/cgroup/perf_event type cgroup (rw,nosuid,nodev,noexec,relatime,perf_event)
cgroup on /sys/fs/cgroup/cpu,cpuacct type cgroup (rw,nosuid,nodev,noexec,relatime,cpu,cpuacct)
cgroup on /sys/fs/cgroup/memory type cgroup (rw,nosuid,nodev,noexec,relatime,memory)
cgroup on /sys/fs/cgroup/rdma type cgroup (rw,nosuid,nodev,noexec,relatime,rdma)
cgroup on /sys/fs/cgroup/devices type cgroup (rw,nosuid,nodev,noexec,relatime,devices)
cgroup on /sys/fs/cgroup/freezer type cgroup (rw,nosuid,nodev,noexec,relatime,freezer)
cgroup on /sys/fs/cgroup/net_cls,net_prio type cgroup (rw,nosuid,nodev,noexec,relatime,net_cls,net_prio)
cgroup on /sys/fs/cgroup/pids type cgroup (rw,nosuid,nodev,noexec,relatime,pids)
cgroup on /sys/fs/cgroup/hugetlb type cgroup (rw,nosuid,nodev,noexec,relatime,hugetlb)
cgroup on /sys/fs/cgroup/cpuset type cgroup (rw,nosuid,nodev,noexec,relatime,cpuset)
cgroup on /sys/fs/cgroup/blkio type cgroup (rw,nosuid,nodev,noexec,relatime,blkio)
systemd-1 on /proc/sys/fs/binfmt_misc type autofs (rw,relatime,fd=28,pgrp=1,timeout=0,minproto=5,maxproto=5,direct,pipe_ino=15226)
mqueue on /dev/mqueue type mqueue (rw,nosuid,nodev,noexec,relatime)
hugetlbfs on /dev/hugepages type hugetlbfs (rw,relatime,pagesize=2M)
debugfs on /sys/kernel/debug type debugfs (rw,nosuid,nodev,noexec,relatime)
tracefs on /sys/kernel/tracing type tracefs (rw,nosuid,nodev,noexec,relatime)
fusectl on /sys/fs/fuse/connections type fusectl (rw,nosuid,nodev,noexec,relatime)
configfs on /sys/kernel/config type configfs (rw,nosuid,nodev,noexec,relatime)
tmpfs on /tmp type tmpfs (rw,nosuid,nodev,relatime)
tmpfs on /run/user/999 type tmpfs (rw,nosuid,nodev,relatime,size=1640632k,mode=700,uid=999,gid=999)
gvfsd-fuse on /run/user/999/gvfs type fuse.gvfsd-fuse (rw,nosuid,nodev,relatime,user_id=999,group_id=999)
/dev/sdd2 on /media/mint/550G type fuseblk (rw,nosuid,nodev,relatime,user_id=0,group_id=0,default_permissions,allow_other,blksize=4096,uhelper=udisks2)
/dev/nvme0n1p1 on /mnt/boot-sav/nvme0n1p1 type fuseblk (rw,relatime,user_id=0,group_id=0,allow_other,blksize=4096)
/dev/nvme0n1p2 on /mnt/boot-sav/nvme0n1p2 type fuseblk (rw,relatime,user_id=0,group_id=0,allow_other,blksize=4096)
/dev/sda2 on /mnt/boot-sav/sda2 type ext4 (rw,relatime)
/dev/sdb1 on /mnt/boot-sav/sdb1 type fuseblk (rw,relatime,user_id=0,group_id=0,allow_other,blksize=4096)
/dev/sdd1 on /mnt/boot-sav/sdd1 type fuseblk (rw,relatime,user_id=0,group_id=0,allow_other,blksize=4096)
/dev/sde1 on /mnt/boot-sav/sde1 type fuseblk (rw,relatime,user_id=0,group_id=0,allow_other,blksize=4096)
/dev/sde2 on /mnt/boot-sav/sde2 type fuseblk (rw,relatime,user_id=0,group_id=0,allow_other,blksize=4096)


=================== ls:
/sys/block/nvme0n1 (filtered):  alignment_offset bdi capability dev device discard_alignment eui events events_async events_poll_msecs ext_range hidden holders inflight integrity lightnvm mq nsid nvme0n1p1 nvme0n1p2 power queue range removable ro size slaves stat subsystem trace uevent wwid
/sys/block/sda (filtered):  alignment_offset bdi capability dev device discard_alignment events events_async events_poll_msecs ext_range hidden holders inflight integrity mq power queue range removable ro sda1 sda2 size slaves stat subsystem trace uevent
/sys/block/sdb (filtered):  alignment_offset bdi capability dev device discard_alignment events events_async events_poll_msecs ext_range hidden holders inflight integrity mq power queue range removable ro sdb1 sdb2 size slaves stat subsystem trace uevent
/sys/block/sdc (filtered):  alignment_offset bdi capability dev device discard_alignment events events_async events_poll_msecs ext_range hidden holders inflight integrity mq power queue range removable ro sdc1 size slaves stat subsystem trace uevent
/sys/block/sdd (filtered):  alignment_offset bdi capability dev device discard_alignment events events_async events_poll_msecs ext_range hidden holders inflight integrity mq power queue range removable ro sdd1 sdd2 size slaves stat subsystem trace uevent
/sys/block/sde (filtered):  alignment_offset bdi capability dev device discard_alignment events events_async events_poll_msecs ext_range hidden holders inflight integrity mq power queue range removable ro sde1 sde2 size slaves stat subsystem trace uevent
/dev (filtered):  autofs block bsg btrfs-control bus char console core cpu cpu_dma_latency cuse disk dri drm_dp_aux0 drm_dp_aux1 drm_dp_aux2 drm_dp_aux3 ecryptfs fb0 fd full fuse gpiochip0 gpiochip1 hidraw0 hidraw1 hidraw2 hidraw3 hpet hugepages hwrng i2c-0 i2c-1 i2c-10 i2c-11 i2c-12 i2c-13 i2c-14 i2c-15 i2c-16 i2c-17 i2c-18 i2c-19 i2c-2 i2c-20 i2c-21 i2c-22 i2c-23 i2c-3 i2c-4 i2c-5 i2c-6 i2c-7 i2c-8 i2c-9 initctl input kmsg kvm lightnvm log mapper mcelog mem mqueue net null nvme0 nvme0n1 nvme0n1p1 nvme0n1p2 port ppp psaux ptmx pts random rfkill rtc rtc0 sda sda1 sda2 sdb sdb1 sdb2 sdc sdc1 sdd sdd1 sdd2 sde sde1 sde2 sg0 sg1 sg2 sg3 sg4 shm snapshot snd stderr stdin stdout udmabuf uhid uinput urandom usb userio vfio vga_arbiter vhci vhost-net vhost-vsock zero zfs
ls /dev/mapper:  control

=================== hexdump -n512 -C /dev/nvme0n1p1
00000000  eb 52 90 4e 54 46 53 20  20 20 20 00 02 08 00 00  |.R.NTFS    .....|
00000010  00 00 00 00 00 f8 00 00  3f 00 ff 00 00 08 00 00  |........?.......|
00000020  00 00 00 00 80 00 80 00  e5 0c 29 77 00 00 00 00  |..........)w....|
00000030  28 01 82 05 00 00 00 00  d2 bd f5 0c 00 00 00 00  |(...............|
00000040  f6 00 00 00 01 00 00 00  b3 f8 d3 a7 ca 27 37 29  |.............'7)|
00000050  00 00 00 00 fa 33 c0 8e  d0 bc 00 7c fb 68 c0 07  |.....3.....|.h..|
00000060  1f 1e 68 66 00 cb 88 16  0e 00 66 81 3e 03 00 4e  |..hf......f.>..N|
00000070  54 46 53 75 15 b4 41 bb  aa 55 cd 13 72 0c 81 fb  |TFSu..A..U..r...|
00000080  55 aa 75 06 f7 c1 01 00  75 03 e9 dd 00 1e 83 ec  |U.u.....u.......|
00000090  18 68 1a 00 b4 48 8a 16  0e 00 8b f4 16 1f cd 13  |.h...H..........|
000000a0  9f 83 c4 18 9e 58 1f 72  e1 3b 06 0b 00 75 db a3  |.....X.r.;...u..|
000000b0  0f 00 c1 2e 0f 00 04 1e  5a 33 db b9 00 20 2b c8  |........Z3... +.|
000000c0  66 ff 06 11 00 03 16 0f  00 8e c2 ff 06 16 00 e8  |f...............|
000000d0  4b 00 2b c8 77 ef b8 00  bb cd 1a 66 23 c0 75 2d  |K.+.w......f#.u-|
000000e0  66 81 fb 54 43 50 41 75  24 81 f9 02 01 72 1e 16  |f..TCPAu$....r..|
000000f0  68 07 bb 16 68 52 11 16  68 09 00 66 53 66 53 66  |h...hR..h..fSfSf|
00000100  55 16 16 16 68 b8 01 66  61 0e 07 cd 1a 33 c0 bf  |U...h..fa....3..|
00000110  0a 13 b9 f6 0c fc f3 aa  e9 fe 01 90 90 66 60 1e  |.............f`.|
00000120  06 66 a1 11 00 66 03 06  1c 00 1e 66 68 00 00 00  |.f...f.....fh...|
00000130  00 66 50 06 53 68 01 00  68 10 00 b4 42 8a 16 0e  |.fP.Sh..h...B...|
00000140  00 16 1f 8b f4 cd 13 66  59 5b 5a 66 59 66 59 1f  |.......fY[ZfYfY.|
00000150  0f 82 16 00 66 ff 06 11  00 03 16 0f 00 8e c2 ff  |....f...........|
00000160  0e 16 00 75 bc 07 1f 66  61 c3 a1 f6 01 e8 09 00  |...u...fa.......|
00000170  a1 fa 01 e8 03 00 f4 eb  fd 8b f0 ac 3c 00 74 09  |............<.t.|
00000180  b4 0e bb 07 00 cd 10 eb  f2 c3 0d 0a 41 20 64 69  |............A di|
00000190  73 6b 20 72 65 61 64 20  65 72 72 6f 72 20 6f 63  |sk read error oc|
000001a0  63 75 72 72 65 64 00 0d  0a 42 4f 4f 54 4d 47 52  |curred...BOOTMGR|
000001b0  20 69 73 20 63 6f 6d 70  72 65 73 73 65 64 00 0d  | is compressed..|
000001c0  0a 50 72 65 73 73 20 43  74 72 6c 2b 41 6c 74 2b  |.Press Ctrl+Alt+|
000001d0  44 65 6c 20 74 6f 20 72  65 73 74 61 72 74 0d 0a  |Del to restart..|
000001e0  00 00 00 00 00 00 00 00  00 00 00 00 00 00 00 00  |................|
000001f0  00 00 00 00 00 00 8a 01  a7 01 bf 01 00 00 55 aa  |..............U.|
00000200

=================== hexdump -n512 -C /dev/nvme0n1p2
00000000  eb 52 90 4e 54 46 53 20  20 20 20 00 02 08 00 00  |.R.NTFS    .....|
00000010  00 00 00 00 00 f8 00 00  3f 00 ff 00 00 18 29 77  |........?.....)w|
00000020  00 00 00 00 80 00 80 00  ff af 12 00 00 00 00 00  |................|
00000030  55 c7 00 00 00 00 00 00  02 00 00 00 00 00 00 00  |U...............|
00000040  f6 00 00 00 01 00 00 00  90 d6 fe 58 07 ff 58 24  |...........X..X$|
00000050  00 00 00 00 fa 33 c0 8e  d0 bc 00 7c fb 68 c0 07  |.....3.....|.h..|
00000060  1f 1e 68 66 00 cb 88 16  0e 00 66 81 3e 03 00 4e  |..hf......f.>..N|
00000070  54 46 53 75 15 b4 41 bb  aa 55 cd 13 72 0c 81 fb  |TFSu..A..U..r...|
00000080  55 aa 75 06 f7 c1 01 00  75 03 e9 dd 00 1e 83 ec  |U.u.....u.......|
00000090  18 68 1a 00 b4 48 8a 16  0e 00 8b f4 16 1f cd 13  |.h...H..........|
000000a0  9f 83 c4 18 9e 58 1f 72  e1 3b 06 0b 00 75 db a3  |.....X.r.;...u..|
000000b0  0f 00 c1 2e 0f 00 04 1e  5a 33 db b9 00 20 2b c8  |........Z3... +.|
000000c0  66 ff 06 11 00 03 16 0f  00 8e c2 ff 06 16 00 e8  |f...............|
000000d0  4b 00 2b c8 77 ef b8 00  bb cd 1a 66 23 c0 75 2d  |K.+.w......f#.u-|
000000e0  66 81 fb 54 43 50 41 75  24 81 f9 02 01 72 1e 16  |f..TCPAu$....r..|
000000f0  68 07 bb 16 68 52 11 16  68 09 00 66 53 66 53 66  |h...hR..h..fSfSf|
00000100  55 16 16 16 68 b8 01 66  61 0e 07 cd 1a 33 c0 bf  |U...h..fa....3..|
00000110  0a 13 b9 f6 0c fc f3 aa  e9 fe 01 90 90 66 60 1e  |.............f`.|
00000120  06 66 a1 11 00 66 03 06  1c 00 1e 66 68 00 00 00  |.f...f.....fh...|
00000130  00 66 50 06 53 68 01 00  68 10 00 b4 42 8a 16 0e  |.fP.Sh..h...B...|
00000140  00 16 1f 8b f4 cd 13 66  59 5b 5a 66 59 66 59 1f  |.......fY[ZfYfY.|
00000150  0f 82 16 00 66 ff 06 11  00 03 16 0f 00 8e c2 ff  |....f...........|
00000160  0e 16 00 75 bc 07 1f 66  61 c3 a1 f6 01 e8 09 00  |...u...fa.......|
00000170  a1 fa 01 e8 03 00 f4 eb  fd 8b f0 ac 3c 00 74 09  |............<.t.|
00000180  b4 0e bb 07 00 cd 10 eb  f2 c3 0d 0a 41 20 64 69  |............A di|
00000190  73 6b 20 72 65 61 64 20  65 72 72 6f 72 20 6f 63  |sk read error oc|
000001a0  63 75 72 72 65 64 00 0d  0a 42 4f 4f 54 4d 47 52  |curred...BOOTMGR|
000001b0  20 69 73 20 63 6f 6d 70  72 65 73 73 65 64 00 0d  | is compressed..|
000001c0  0a 50 72 65 73 73 20 43  74 72 6c 2b 41 6c 74 2b  |.Press Ctrl+Alt+|
000001d0  44 65 6c 20 74 6f 20 72  65 73 74 61 72 74 0d 0a  |Del to restart..|
000001e0  00 00 00 00 00 00 00 00  00 00 00 00 00 00 00 00  |................|
000001f0  00 00 00 00 00 00 8a 01  a7 01 bf 01 00 00 55 aa  |..............U.|
00000200

=================== hexdump -n512 -C /dev/sdb1
00000000  eb 52 90 4e 54 46 53 20  20 20 20 00 02 08 00 00  |.R.NTFS    .....|
00000010  00 00 00 00 00 f8 00 00  3f 00 ff 00 00 08 00 00  |........?.......|
00000020  00 00 00 00 80 00 80 00  ff 37 dc 16 00 00 00 00  |.........7......|
00000030  00 00 0c 00 00 00 00 00  02 00 00 00 00 00 00 00  |................|
00000040  f6 00 00 00 01 00 00 00  91 35 6d 8c 7a 6d 8c 36  |.........5m.zm.6|
00000050  00 00 00 00 fa 33 c0 8e  d0 bc 00 7c fb 68 c0 07  |.....3.....|.h..|
00000060  1f 1e 68 66 00 cb 88 16  0e 00 66 81 3e 03 00 4e  |..hf......f.>..N|
00000070  54 46 53 75 15 b4 41 bb  aa 55 cd 13 72 0c 81 fb  |TFSu..A..U..r...|
00000080  55 aa 75 06 f7 c1 01 00  75 03 e9 dd 00 1e 83 ec  |U.u.....u.......|
00000090  18 68 1a 00 b4 48 8a 16  0e 00 8b f4 16 1f cd 13  |.h...H..........|
000000a0  9f 83 c4 18 9e 58 1f 72  e1 3b 06 0b 00 75 db a3  |.....X.r.;...u..|
000000b0  0f 00 c1 2e 0f 00 04 1e  5a 33 db b9 00 20 2b c8  |........Z3... +.|
000000c0  66 ff 06 11 00 03 16 0f  00 8e c2 ff 06 16 00 e8  |f...............|
000000d0  4b 00 2b c8 77 ef b8 00  bb cd 1a 66 23 c0 75 2d  |K.+.w......f#.u-|
000000e0  66 81 fb 54 43 50 41 75  24 81 f9 02 01 72 1e 16  |f..TCPAu$....r..|
000000f0  68 07 bb 16 68 52 11 16  68 09 00 66 53 66 53 66  |h...hR..h..fSfSf|
00000100  55 16 16 16 68 b8 01 66  61 0e 07 cd 1a 33 c0 bf  |U...h..fa....3..|
00000110  0a 13 b9 f6 0c fc f3 aa  e9 fe 01 90 90 66 60 1e  |.............f`.|
00000120  06 66 a1 11 00 66 03 06  1c 00 1e 66 68 00 00 00  |.f...f.....fh...|
00000130  00 66 50 06 53 68 01 00  68 10 00 b4 42 8a 16 0e  |.fP.Sh..h...B...|
00000140  00 16 1f 8b f4 cd 13 66  59 5b 5a 66 59 66 59 1f  |.......fY[ZfYfY.|
00000150  0f 82 16 00 66 ff 06 11  00 03 16 0f 00 8e c2 ff  |....f...........|
00000160  0e 16 00 75 bc 07 1f 66  61 c3 a1 f6 01 e8 09 00  |...u...fa.......|
00000170  a1 fa 01 e8 03 00 f4 eb  fd 8b f0 ac 3c 00 74 09  |............<.t.|
00000180  b4 0e bb 07 00 cd 10 eb  f2 c3 0d 0a 41 20 64 69  |............A di|
00000190  73 6b 20 72 65 61 64 20  65 72 72 6f 72 20 6f 63  |sk read error oc|
000001a0  63 75 72 72 65 64 00 0d  0a 42 4f 4f 54 4d 47 52  |curred...BOOTMGR|
000001b0  20 69 73 20 63 6f 6d 70  72 65 73 73 65 64 00 0d  | is compressed..|
000001c0  0a 50 72 65 73 73 20 43  74 72 6c 2b 41 6c 74 2b  |.Press Ctrl+Alt+|
000001d0  44 65 6c 20 74 6f 20 72  65 73 74 61 72 74 0d 0a  |Del to restart..|
000001e0  00 00 00 00 00 00 00 00  00 00 00 00 00 00 00 00  |................|
000001f0  00 00 00 00 00 00 8a 01  a7 01 bf 01 00 00 55 aa  |..............U.|
00000200

=================== hexdump -n512 -C /dev/sdd1
00000000  eb 52 90 4e 54 46 53 20  20 20 20 00 02 08 00 00  |.R.NTFS    .....|
00000010  00 00 00 00 00 f8 00 00  3f 00 ff 00 00 08 00 00  |........?.......|
00000020  00 00 00 00 80 00 80 00  ff bf b4 30 00 00 00 00  |...........0....|
00000030  00 00 0c 00 00 00 00 00  02 00 00 00 00 00 00 00  |................|
00000040  f6 00 00 00 01 00 00 00  4a e1 d8 86 ed d8 86 c4  |........J.......|
00000050  00 00 00 00 fa 33 c0 8e  d0 bc 00 7c fb 68 c0 07  |.....3.....|.h..|
00000060  1f 1e 68 66 00 cb 88 16  0e 00 66 81 3e 03 00 4e  |..hf......f.>..N|
00000070  54 46 53 75 15 b4 41 bb  aa 55 cd 13 72 0c 81 fb  |TFSu..A..U..r...|
00000080  55 aa 75 06 f7 c1 01 00  75 03 e9 dd 00 1e 83 ec  |U.u.....u.......|
00000090  18 68 1a 00 b4 48 8a 16  0e 00 8b f4 16 1f cd 13  |.h...H..........|
000000a0  9f 83 c4 18 9e 58 1f 72  e1 3b 06 0b 00 75 db a3  |.....X.r.;...u..|
000000b0  0f 00 c1 2e 0f 00 04 1e  5a 33 db b9 00 20 2b c8  |........Z3... +.|
000000c0  66 ff 06 11 00 03 16 0f  00 8e c2 ff 06 16 00 e8  |f...............|
000000d0  4b 00 2b c8 77 ef b8 00  bb cd 1a 66 23 c0 75 2d  |K.+.w......f#.u-|
000000e0  66 81 fb 54 43 50 41 75  24 81 f9 02 01 72 1e 16  |f..TCPAu$....r..|
000000f0  68 07 bb 16 68 70 0e 16  68 09 00 66 53 66 53 66  |h...hp..h..fSfSf|
00000100  55 16 16 16 68 b8 01 66  61 0e 07 cd 1a 33 c0 bf  |U...h..fa....3..|
00000110  28 10 b9 d8 0f fc f3 aa  e9 5f 01 90 90 66 60 1e  |(........_...f`.|
00000120  06 66 a1 11 00 66 03 06  1c 00 1e 66 68 00 00 00  |.f...f.....fh...|
00000130  00 66 50 06 53 68 01 00  68 10 00 b4 42 8a 16 0e  |.fP.Sh..h...B...|
00000140  00 16 1f 8b f4 cd 13 66  59 5b 5a 66 59 66 59 1f  |.......fY[ZfYfY.|
00000150  0f 82 16 00 66 ff 06 11  00 03 16 0f 00 8e c2 ff  |....f...........|
00000160  0e 16 00 75 bc 07 1f 66  61 c3 a0 f8 01 e8 09 00  |...u...fa.......|
00000170  a0 fb 01 e8 03 00 f4 eb  fd b4 01 8b f0 ac 3c 00  |..............<.|
00000180  74 09 b4 0e bb 07 00 cd  10 eb f2 c3 0d 0a 41 20  |t.............A |
00000190  64 69 73 6b 20 72 65 61  64 20 65 72 72 6f 72 20  |disk read error |
000001a0  6f 63 63 75 72 72 65 64  00 0d 0a 42 4f 4f 54 4d  |occurred...BOOTM|
000001b0  47 52 20 69 73 20 6d 69  73 73 69 6e 67 00 0d 0a  |GR is missing...|
000001c0  42 4f 4f 54 4d 47 52 20  69 73 20 63 6f 6d 70 72  |BOOTMGR is compr|
000001d0  65 73 73 65 64 00 0d 0a  50 72 65 73 73 20 43 74  |essed...Press Ct|
000001e0  72 6c 2b 41 6c 74 2b 44  65 6c 20 74 6f 20 72 65  |rl+Alt+Del to re|
000001f0  73 74 61 72 74 0d 0a 00  8c a9 be d6 00 00 55 aa  |start.........U.|
00000200

=================== hexdump -n512 -C /dev/sdd2
00000000  eb 52 90 4e 54 46 53 20  20 20 20 00 02 08 00 00  |.R.NTFS    .....|
00000010  00 00 00 00 00 f8 00 00  3f 00 ff 00 00 c8 b4 30  |........?......0|
00000020  00 00 00 00 80 00 80 00  ff 8f bb 43 00 00 00 00  |...........C....|
00000030  00 00 0c 00 00 00 00 00  02 00 00 00 00 00 00 00  |................|
00000040  f6 00 00 00 01 00 00 00  ce 40 00 aa 68 00 aa 5c  |.........@..h..|
00000050  00 00 00 00 fa 33 c0 8e  d0 bc 00 7c fb 68 c0 07  |.....3.....|.h..|
00000060  1f 1e 68 66 00 cb 88 16  0e 00 66 81 3e 03 00 4e  |..hf......f.>..N|
00000070  54 46 53 75 15 b4 41 bb  aa 55 cd 13 72 0c 81 fb  |TFSu..A..U..r...|
00000080  55 aa 75 06 f7 c1 01 00  75 03 e9 dd 00 1e 83 ec  |U.u.....u.......|
00000090  18 68 1a 00 b4 48 8a 16  0e 00 8b f4 16 1f cd 13  |.h...H..........|
000000a0  9f 83 c4 18 9e 58 1f 72  e1 3b 06 0b 00 75 db a3  |.....X.r.;...u..|
000000b0  0f 00 c1 2e 0f 00 04 1e  5a 33 db b9 00 20 2b c8  |........Z3... +.|
000000c0  66 ff 06 11 00 03 16 0f  00 8e c2 ff 06 16 00 e8  |f...............|
000000d0  4b 00 2b c8 77 ef b8 00  bb cd 1a 66 23 c0 75 2d  |K.+.w......f#.u-|
000000e0  66 81 fb 54 43 50 41 75  24 81 f9 02 01 72 1e 16  |f..TCPAu$....r..|
000000f0  68 07 bb 16 68 70 0e 16  68 09 00 66 53 66 53 66  |h...hp..h..fSfSf|
00000100  55 16 16 16 68 b8 01 66  61 0e 07 cd 1a 33 c0 bf  |U...h..fa....3..|
00000110  28 10 b9 d8 0f fc f3 aa  e9 5f 01 90 90 66 60 1e  |(........_...f`.|
00000120  06 66 a1 11 00 66 03 06  1c 00 1e 66 68 00 00 00  |.f...f.....fh...|
00000130  00 66 50 06 53 68 01 00  68 10 00 b4 42 8a 16 0e  |.fP.Sh..h...B...|
00000140  00 16 1f 8b f4 cd 13 66  59 5b 5a 66 59 66 59 1f  |.......fY[ZfYfY.|
00000150  0f 82 16 00 66 ff 06 11  00 03 16 0f 00 8e c2 ff  |....f...........|
00000160  0e 16 00 75 bc 07 1f 66  61 c3 a0 f8 01 e8 09 00  |...u...fa.......|
00000170  a0 fb 01 e8 03 00 f4 eb  fd b4 01 8b f0 ac 3c 00  |..............<.|
00000180  74 09 b4 0e bb 07 00 cd  10 eb f2 c3 0d 0a 41 20  |t.............A |
00000190  64 69 73 6b 20 72 65 61  64 20 65 72 72 6f 72 20  |disk read error |
000001a0  6f 63 63 75 72 72 65 64  00 0d 0a 42 4f 4f 54 4d  |occurred...BOOTM|
000001b0  47 52 20 69 73 20 6d 69  73 73 69 6e 67 00 0d 0a  |GR is missing...|
000001c0  42 4f 4f 54 4d 47 52 20  69 73 20 63 6f 6d 70 72  |BOOTMGR is compr|
000001d0  65 73 73 65 64 00 0d 0a  50 72 65 73 73 20 43 74  |essed...Press Ct|
000001e0  72 6c 2b 41 6c 74 2b 44  65 6c 20 74 6f 20 72 65  |rl+Alt+Del to re|
000001f0  73 74 61 72 74 0d 0a 00  8c a9 be d6 00 00 55 aa  |start.........U.|
00000200

=================== hexdump -n512 -C /dev/sde1
00000000  eb 52 90 4e 54 46 53 20  20 20 20 00 02 08 00 00  |.R.NTFS    .....|
00000010  00 00 00 00 00 f8 00 00  3f 00 ff 00 00 08 00 00  |........?.......|
00000020  00 00 00 00 80 00 80 00  ff 6f 60 aa 00 00 00 00  |.........o`.....|
00000030  00 00 0c 00 00 00 00 00  02 00 00 00 00 00 00 00  |................|
00000040  f6 00 00 00 01 00 00 00  55 1e f4 d0 56 f4 d0 76  |........U...V..v|
00000050  00 00 00 00 fa 33 c0 8e  d0 bc 00 7c fb 68 c0 07  |.....3.....|.h..|
00000060  1f 1e 68 66 00 cb 88 16  0e 00 66 81 3e 03 00 4e  |..hf......f.>..N|
00000070  54 46 53 75 15 b4 41 bb  aa 55 cd 13 72 0c 81 fb  |TFSu..A..U..r...|
00000080  55 aa 75 06 f7 c1 01 00  75 03 e9 dd 00 1e 83 ec  |U.u.....u.......|
00000090  18 68 1a 00 b4 48 8a 16  0e 00 8b f4 16 1f cd 13  |.h...H..........|
000000a0  9f 83 c4 18 9e 58 1f 72  e1 3b 06 0b 00 75 db a3  |.....X.r.;...u..|
000000b0  0f 00 c1 2e 0f 00 04 1e  5a 33 db b9 00 20 2b c8  |........Z3... +.|
000000c0  66 ff 06 11 00 03 16 0f  00 8e c2 ff 06 16 00 e8  |f...............|
000000d0  4b 00 2b c8 77 ef b8 00  bb cd 1a 66 23 c0 75 2d  |K.+.w......f#.u-|
000000e0  66 81 fb 54 43 50 41 75  24 81 f9 02 01 72 1e 16  |f..TCPAu$....r..|
000000f0  68 07 bb 16 68 52 11 16  68 09 00 66 53 66 53 66  |h...hR..h..fSfSf|
00000100  55 16 16 16 68 b8 01 66  61 0e 07 cd 1a 33 c0 bf  |U...h..fa....3..|
00000110  0a 13 b9 f6 0c fc f3 aa  e9 fe 01 90 90 66 60 1e  |.............f`.|
00000120  06 66 a1 11 00 66 03 06  1c 00 1e 66 68 00 00 00  |.f...f.....fh...|
00000130  00 66 50 06 53 68 01 00  68 10 00 b4 42 8a 16 0e  |.fP.Sh..h...B...|
00000140  00 16 1f 8b f4 cd 13 66  59 5b 5a 66 59 66 59 1f  |.......fY[ZfYfY.|
00000150  0f 82 16 00 66 ff 06 11  00 03 16 0f 00 8e c2 ff  |....f...........|
00000160  0e 16 00 75 bc 07 1f 66  61 c3 a1 f6 01 e8 09 00  |...u...fa.......|
00000170  a1 fa 01 e8 03 00 f4 eb  fd 8b f0 ac 3c 00 74 09  |............<.t.|
00000180  b4 0e bb 07 00 cd 10 eb  f2 c3 0d 0a 41 20 64 69  |............A di|
00000190  73 6b 20 72 65 61 64 20  65 72 72 6f 72 20 6f 63  |sk read error oc|
000001a0  63 75 72 72 65 64 00 0d  0a 42 4f 4f 54 4d 47 52  |curred...BOOTMGR|
000001b0  20 69 73 20 63 6f 6d 70  72 65 73 73 65 64 00 0d  | is compressed..|
000001c0  0a 50 72 65 73 73 20 43  74 72 6c 2b 41 6c 74 2b  |.Press Ctrl+Alt+|
000001d0  44 65 6c 20 74 6f 20 72  65 73 74 61 72 74 0d 0a  |Del to restart..|
000001e0  00 00 00 00 00 00 00 00  00 00 00 00 00 00 00 00  |................|
000001f0  00 00 00 00 00 00 8a 01  a7 01 bf 01 00 00 55 aa  |..............U.|
00000200

=================== hexdump -n512 -C /dev/sde2
00000000  eb 52 90 4e 54 46 53 20  20 20 20 00 02 08 00 00  |.R.NTFS    .....|
00000010  00 00 00 00 00 f8 00 00  3f 00 ff 00 00 78 60 aa  |........?....x`.|
00000020  00 00 00 00 80 00 80 00  ff ff 7f 3e 00 00 00 00  |...........>....|
00000030  00 00 0c 00 00 00 00 00  02 00 00 00 00 00 00 00  |................|
00000040  f6 00 00 00 01 00 00 00  41 e4 18 10 1b 19 10 76  |........A......v|
00000050  00 00 00 00 fa 33 c0 8e  d0 bc 00 7c fb 68 c0 07  |.....3.....|.h..|
00000060  1f 1e 68 66 00 cb 88 16  0e 00 66 81 3e 03 00 4e  |..hf......f.>..N|
00000070  54 46 53 75 15 b4 41 bb  aa 55 cd 13 72 0c 81 fb  |TFSu..A..U..r...|
00000080  55 aa 75 06 f7 c1 01 00  75 03 e9 dd 00 1e 83 ec  |U.u.....u.......|
00000090  18 68 1a 00 b4 48 8a 16  0e 00 8b f4 16 1f cd 13  |.h...H..........|
000000a0  9f 83 c4 18 9e 58 1f 72  e1 3b 06 0b 00 75 db a3  |.....X.r.;...u..|
000000b0  0f 00 c1 2e 0f 00 04 1e  5a 33 db b9 00 20 2b c8  |........Z3... +.|
000000c0  66 ff 06 11 00 03 16 0f  00 8e c2 ff 06 16 00 e8  |f...............|
000000d0  4b 00 2b c8 77 ef b8 00  bb cd 1a 66 23 c0 75 2d  |K.+.w......f#.u-|
000000e0  66 81 fb 54 43 50 41 75  24 81 f9 02 01 72 1e 16  |f..TCPAu$....r..|
000000f0  68 07 bb 16 68 52 11 16  68 09 00 66 53 66 53 66  |h...hR..h..fSfSf|
00000100  55 16 16 16 68 b8 01 66  61 0e 07 cd 1a 33 c0 bf  |U...h..fa....3..|
00000110  0a 13 b9 f6 0c fc f3 aa  e9 fe 01 90 90 66 60 1e  |.............f`.|
00000120  06 66 a1 11 00 66 03 06  1c 00 1e 66 68 00 00 00  |.f...f.....fh...|
00000130  00 66 50 06 53 68 01 00  68 10 00 b4 42 8a 16 0e  |.fP.Sh..h...B...|
00000140  00 16 1f 8b f4 cd 13 66  59 5b 5a 66 59 66 59 1f  |.......fY[ZfYfY.|
00000150  0f 82 16 00 66 ff 06 11  00 03 16 0f 00 8e c2 ff  |....f...........|
00000160  0e 16 00 75 bc 07 1f 66  61 c3 a1 f6 01 e8 09 00  |...u...fa.......|
00000170  a1 fa 01 e8 03 00 f4 eb  fd 8b f0 ac 3c 00 74 09  |............<.t.|
00000180  b4 0e bb 07 00 cd 10 eb  f2 c3 0d 0a 41 20 64 69  |............A di|
00000190  73 6b 20 72 65 61 64 20  65 72 72 6f 72 20 6f 63  |sk read error oc|
000001a0  63 75 72 72 65 64 00 0d  0a 42 4f 4f 54 4d 47 52  |curred...BOOTMGR|
000001b0  20 69 73 20 63 6f 6d 70  72 65 73 73 65 64 00 0d  | is compressed..|
000001c0  0a 50 72 65 73 73 20 43  74 72 6c 2b 41 6c 74 2b  |.Press Ctrl+Alt+|
000001d0  44 65 6c 20 74 6f 20 72  65 73 74 61 72 74 0d 0a  |Del to restart..|
000001e0  00 00 00 00 00 00 00 00  00 00 00 00 00 00 00 00  |................|
000001f0  00 00 00 00 00 00 8a 01  a7 01 bf 01 00 00 55 aa  |..............U.|
00000200

=================== df -Th:

Filesystem     Type      Size  Used Avail Use% Mounted on
udev           devtmpfs  7.8G     0  7.8G   0% /dev
tmpfs          tmpfs     1.6G  1.7M  1.6G   1% /run
/dev/sdc1      vfat       59G  6.3G   52G  11% /cdrom
/dev/loop0     squashfs  1.8G  1.8G     0 100% /rofs
/cow           overlay   7.9G   33M  7.8G   1% /
tmpfs          tmpfs     7.9G     0  7.9G   0% /dev/shm
tmpfs          tmpfs     5.0M  4.0K  5.0M   1% /run/lock
tmpfs          tmpfs     7.9G     0  7.9G   0% /sys/fs/cgroup
tmpfs          tmpfs     7.9G  4.0K  7.9G   1% /tmp
tmpfs          tmpfs     1.6G   40K  1.6G   1% /run/user/999
/dev/sdd2      fuseblk   542G  379G  164G  70% /media/mint/550G
/dev/nvme0n1p1 fuseblk   954G  739G  215G  78% /mnt/boot-sav/nvme0n1p1
/dev/nvme0n1p2 fuseblk   598M  511M   88M  86% /mnt/boot-sav/nvme0n1p2
/dev/sda2      ext4      425G  172G  232G  43% /mnt/boot-sav/sda2
/dev/sdb1      fuseblk   183G  160G   24G  88% /mnt/boot-sav/sdb1
/dev/sdd1      fuseblk   390G  179G  212G  46% /mnt/boot-sav/sdd1
/dev/sde1      fuseblk   1.4T  721G  643G  53% /mnt/boot-sav/sde1
/dev/sde2      fuseblk   500G  308G  193G  62% /mnt/boot-sav/sde2

=================== fdisk -l:
Disk /dev/loop0: 1.75 GiB, 1863593984 bytes, 3639832 sectors
Units: sectors of 1 * 512 = 512 bytes
Sector size (logical/physical): 512 bytes / 512 bytes
I/O size (minimum/optimal): 512 bytes / 512 bytes


Disk /dev/nvme0n1: 953.89 GiB, 1024209543168 bytes, 2000409264 sectors
Disk model: PLEXTOR PX-1TM9PGN +
Units: sectors of 1 * 512 = 512 bytes
Sector size (logical/physical): 512 bytes / 512 bytes
I/O size (minimum/optimal): 512 bytes / 512 bytes
Disklabel type: dos
Disk identifier: 0x7491fd58

Device         Boot      Start        End    Sectors   Size Id Type
/dev/nvme0n1p1 *          2048 1999181029 1999178982 953.3G  7 HPFS/NTFS/exFAT
/dev/nvme0n1p2      1999181824 2000406527    1224704   598M 27 Hidden NTFS WinRE


Disk /dev/sda: 447.13 GiB, 480103981056 bytes, 937703088 sectors
Disk model: SanDisk SDSSDA48
Units: sectors of 1 * 512 = 512 bytes
Sector size (logical/physical): 512 bytes / 512 bytes
I/O size (minimum/optimal): 512 bytes / 512 bytes
Disklabel type: gpt
Disk identifier: FF3482E9-ACF8-4C87-B8BF-C99B11CA87ED

Device         Start       End   Sectors   Size Type
/dev/sda1  905578496 937701375  32122880  15.3G Linux swap
/dev/sda2       2048 905578495 905576448 431.8G Linux filesystem

Partition table entries are not in disk order.


Disk /dev/sdb: 232.91 GiB, 250059350016 bytes, 488397168 sectors
Disk model: Samsung SSD 860
Units: sectors of 1 * 512 = 512 bytes
Sector size (logical/physical): 512 bytes / 512 bytes
I/O size (minimum/optimal): 512 bytes / 512 bytes
Disklabel type: dos
Disk identifier: 0x20fa3f4b

Device     Boot     Start       End   Sectors   Size Id Type
/dev/sdb1            2048 383533055 383531008 182.9G  7 HPFS/NTFS/exFAT
/dev/sdb2       383535104 488392703 104857600    50G 7e unknown


Disk /dev/sdc: 58.13 GiB, 62411243520 bytes, 121896960 sectors
Disk model: Cruzer Glide 3.0
Units: sectors of 1 * 512 = 512 bytes
Sector size (logical/physical): 512 bytes / 512 bytes
I/O size (minimum/optimal): 512 bytes / 512 bytes
Disklabel type: dos
Disk identifier: 0x00066b4f

Device     Boot Start       End   Sectors  Size Id Type
/dev/sdc1  *     2048 121896959 121894912 58.1G  c W95 FAT32 (LBA)


Disk /dev/sdd: 931.53 GiB, 1000204886016 bytes, 1953525168 sectors
Disk model: HGST HTS721010A9
Units: sectors of 1 * 512 = 512 bytes
Sector size (logical/physical): 512 bytes / 4096 bytes
I/O size (minimum/optimal): 4096 bytes / 4096 bytes
Disklabel type: dos
Disk identifier: 0x7ed6b289

Device     Boot     Start        End    Sectors   Size Id Type
/dev/sdd1            2048  817154047  817152000 389.7G  7 HPFS/NTFS/exFAT
/dev/sdd2       817154048 1953519615 1136365568 541.9G  7 HPFS/NTFS/exFAT


Disk /dev/sde: 1.84 TiB, 2000398934016 bytes, 3907029168 sectors
Disk model: TOSHIBA HDWD120
Units: sectors of 1 * 512 = 512 bytes
Sector size (logical/physical): 512 bytes / 4096 bytes
I/O size (minimum/optimal): 4096 bytes / 4096 bytes
Disklabel type: dos
Disk identifier: 0x051fbb9d

Device     Boot      Start        End    Sectors  Size Id Type
/dev/sde1             2048 2858448895 2858446848  1.3T  7 HPFS/NTFS/exFAT
/dev/sde2       2858448896 3907024895 1048576000  500G  7 HPFS/NTFS/exFAT


User choice: Is sda (ATA SanDisk SDSSDA48) a removable disk? no


ping: google.com: Name or service not known
(debug) reinstall grub2 place-in-all-MBRs no-BIOS_boot (sda2)


=================== Suggested repair
The default repair of the Boot-Repair utility would purge (in order to fix customized files) and reinstall the grub2 of sda2 into the MBRs of all disks (except live-disks and removable disks without OS).
Additional repair would be performed: unhide-bootmenu-10s


=================== Blockers in case of suggested repair
GPT detected. Please create a BIOS-Boot partition (>1MB, unformatted filesystem, bios_grub flag). This can be performed via tools such as Gparted. Then try again.


=================== Advice in case of suggested repair
Warning: continuing without internet would leave your system unbootable. Please connect internet.
Do you want to continue?


=================== Final advice in case of suggested repair
Please do not forget to make your BIOS boot on sda (ATA SanDisk SDSSDA48) disk!


=================== User settings
The settings chosen by the user will not act on the boot.




pastebinit  packages needed
User refused to install pastebinit
